Archive member included to satisfy reference by file (symbol)

app/libapp.a(mock_adc.c.obj)  (--whole-archive)
app/libapp.a(dsp.c.obj)       (--whole-archive)
app/libapp.a(test_filter.c.obj)
                              (--whole-archive)
zephyr/libzephyr.a(heap.c.obj)
                              (--whole-archive)
zephyr/libzephyr.a(cbprintf_packaged.c.obj)
                              (--whole-archive)
zephyr/libzephyr.a(printk.c.obj)
                              (--whole-archive)
zephyr/libzephyr.a(sem.c.obj)
                              (--whole-archive)
zephyr/libzephyr.a(thread_entry.c.obj)
                              (--whole-archive)
zephyr/libzephyr.a(cbprintf_complete.c.obj)
                              (--whole-archive)
zephyr/libzephyr.a(cbprintf.c.obj)
                              (--whole-archive)
zephyr/libzephyr.a(assert.c.obj)
                              (--whole-archive)
zephyr/libzephyr.a(dec.c.obj)
                              (--whole-archive)
zephyr/libzephyr.a(hex.c.obj)
                              (--whole-archive)
zephyr/libzephyr.a(rb.c.obj)  (--whole-archive)
zephyr/libzephyr.a(timeutil.c.obj)
                              (--whole-archive)
zephyr/libzephyr.a(bitarray.c.obj)
                              (--whole-archive)
zephyr/libzephyr.a(configs.c.obj)
                              (--whole-archive)
zephyr/libzephyr.a(tracing_none.c.obj)
                              (--whole-archive)
zephyr/arch/arch/posix/core/libarch__posix__core.a(cpuhalt.c.obj)
                              (--whole-archive)
zephyr/arch/arch/posix/core/libarch__posix__core.a(fatal.c.obj)
                              (--whole-archive)
zephyr/arch/arch/posix/core/libarch__posix__core.a(irq.c.obj)
                              (--whole-archive)
zephyr/arch/arch/posix/core/libarch__posix__core.a(swap.c.obj)
                              (--whole-archive)
zephyr/arch/arch/posix/core/libarch__posix__core.a(thread.c.obj)
                              (--whole-archive)
zephyr/arch/arch/posix/core/libarch__posix__core.a(posix_core_nsi.c.obj)
                              (--whole-archive)
zephyr/soc/soc/native/libsoc__native__inf_clock.a(soc.c.obj)
                              (--whole-archive)
zephyr/soc/soc/native/libsoc__native__inf_clock.a(native_tasks.c.obj)
                              (--whole-archive)
zephyr/boards/native/native_sim/libboards__native__native_sim.a(cmdline.c.obj)
                              (--whole-archive)
zephyr/boards/native/native_sim/libboards__native__native_sim.a(cpu_wait.c.obj)
                              (--whole-archive)
zephyr/boards/native/native_sim/libboards__native__native_sim.a(nsi_if.c.obj)
                              (--whole-archive)
zephyr/boards/native/native_sim/libboards__native__native_sim.a(irq_handler.c.obj)
                              (--whole-archive)
zephyr/boards/native/native_sim/libboards__native__native_sim.a(misc.c.obj)
                              (--whole-archive)
zephyr/boards/native/native_sim/libboards__native__native_sim.a(posix_arch_if.c.obj)
                              (--whole-archive)
zephyr/drivers/console/libdrivers__console.a(posix_arch_console.c.obj)
                              (--whole-archive)
zephyr/drivers/timer/libdrivers__timer.a(sys_clock_init.c.obj)
                              (--whole-archive)
zephyr/drivers/timer/libdrivers__timer.a(native_posix_timer.c.obj)
                              (--whole-archive)
zephyr/kernel/libkernel.a(fatal.c.obj)
                              zephyr/libzephyr.a(assert.c.obj) (z_fatal_error)
zephyr/kernel/libkernel.a(init.c.obj)
                              zephyr/arch/arch/posix/core/libarch__posix__core.a(swap.c.obj) (_kernel)
zephyr/kernel/libkernel.a(init_static.c.obj)
                              zephyr/kernel/libkernel.a(init.c.obj) (z_init_static)
zephyr/kernel/libkernel.a(idle.c.obj)
                              zephyr/kernel/libkernel.a(init.c.obj) (idle)
zephyr/kernel/libkernel.a(sem.c.obj)
                              zephyr/libzephyr.a(sem.c.obj) (z_impl_k_sem_init)
zephyr/kernel/libkernel.a(thread.c.obj)
                              zephyr/kernel/libkernel.a(init.c.obj) (z_impl_k_thread_start)
zephyr/kernel/libkernel.a(sched.c.obj)
                              zephyr/kernel/libkernel.a(init.c.obj) (z_ready_thread)
zephyr/kernel/libkernel.a(timeslicing.c.obj)
                              zephyr/kernel/libkernel.a(sched.c.obj) (z_reset_time_slice)
zephyr/kernel/libkernel.a(timeout.c.obj)
                              zephyr/kernel/libkernel.a(init.c.obj) (z_add_timeout)
zephyr/kernel/libkernel.a(banner.c.obj)
                              zephyr/kernel/libkernel.a(init.c.obj) (boot_banner)
zephyr/kernel/libkernel.a(device.c.obj)
                              zephyr/kernel/libkernel.a(init.c.obj) (z_device_state_init)

Discarded input sections

 .text          0x00000000        0x0 zephyr/CMakeFiles/zephyr_pre0.dir/misc/empty_file.c.obj
[...]
Memory Configuration

Name             Origin             Length             Attributes
*default*        0x00000000         0xffffffff

Linker script and memory map


.interp
 *(SORT_BY_ALIGNMENT(.interp))

.note.gnu.build-id
 *(SORT_BY_ALIGNMENT(.note.gnu.build-id))

.hash
 *(SORT_BY_ALIGNMENT(.hash))

.gnu.hash
 *(SORT_BY_ALIGNMENT(.gnu.hash))

.dynsym
 *(SORT_BY_ALIGNMENT(.dynsym))

.dynstr
 *(SORT_BY_ALIGNMENT(.dynstr))

.gnu.version
 *(SORT_BY_ALIGNMENT(.gnu.version))

.gnu.version_d
 *(SORT_BY_ALIGNMENT(.gnu.version_d))

.gnu.version_r
 *(SORT_BY_ALIGNMENT(.gnu.version_r))

.rel.init
 *(SORT_BY_ALIGNMENT(.rel.init))

.rel.text
 *(SORT_BY_ALIGNMENT(.rel.text))

.rel.fini
 *(SORT_BY_ALIGNMENT(.rel.fini))

.rel.rodata
 *(SORT_BY_ALIGNMENT(.rel.rodata))

.rel.data.rel.ro
 *(SORT_BY_ALIGNMENT(.rel.data.rel.ro))

.rel.data
 *(SORT_BY_ALIGNMENT(.rel.data))

.rel.tdata
 *(SORT_BY_ALIGNMENT(.rel.tdata))

.rel.tbss
 *(SORT_BY_ALIGNMENT(.rel.tbss))

.rel.ctors
 *(SORT_BY_ALIGNMENT(.rel.ctors))

.rel.dtors
 *(SORT_BY_ALIGNMENT(.rel.dtors))

.rel.got
 *(SORT_BY_ALIGNMENT(.rel.got))

.rel.bss
 *(SORT_BY_ALIGNMENT(.rel.bss))

.rel.ifunc
 *(SORT_BY_ALIGNMENT(.rel.ifunc))

.rel.plt
 *(SORT_BY_ALIGNMENT(.rel.plt))

.relr.dyn
 *(SORT_BY_ALIGNMENT(.relr.dyn))

.init
 *(SORT_NONE(.init))

.plt
 *(SORT_BY_ALIGNMENT(.plt))

.plt.got
 *(SORT_BY_ALIGNMENT(.plt.got))

.plt.sec
 *(SORT_BY_ALIGNMENT(.plt.sec))

.text
 *(SORT_BY_ALIGNMENT(.text) SORT_BY_ALIGNMENT(.stub))
 *(SORT_BY_ALIGNMENT(.gnu.warning))

.text._OffsetAbsSyms
                0x00000000        0x1
 .text._OffsetAbsSyms
                0x00000000        0x1 zephyr/CMakeFiles/offsets.dir/./arch/posix/core/offsets/offsets.c.obj
                0x00000000                _OffsetAbsSyms

.text.init_dsp_filter
                0x00000000      0x1de
 .text.init_dsp_filter
                0x00000000      0x1de app/libapp.a(dsp.c.obj)
                0x00000000                init_dsp_filter

.text.process_dsp_frame
                0x00000000      0x1d1
 .text.process_dsp_frame
                0x00000000      0x1d1 app/libapp.a(dsp.c.obj)
                0x00000000                process_dsp_frame

.text.main      0x00000000      0x251
 .text.main     0x00000000      0x251 app/libapp.a(test_filter.c.obj)
                0x00000000                main

.text.arch_printk_char_out
                0x00000000        0x3
 .text.arch_printk_char_out
                0x00000000        0x3 zephyr/libzephyr.a(printk.c.obj)
                0x00000000                arch_printk_char_out

.text.char_out  0x00000000        0x6
 .text.char_out
                0x00000000        0x6 zephyr/libzephyr.a(printk.c.obj)

.text.__printk_hook_install
                0x00000000        0xd
 .text.__printk_hook_install
                0x00000000        0xd zephyr/libzephyr.a(printk.c.obj)
                0x00000000                __printk_hook_install

.text.vprintk   0x00000000       0x1f
 .text.vprintk  0x00000000       0x1f zephyr/libzephyr.a(printk.c.obj)
                0x00000000                vprintk

.text.printk    0x00000000       0x17
 .text.printk   0x00000000       0x17 zephyr/libzephyr.a(printk.c.obj)
                0x00000000                printk

.text.z_thread_entry
                0x00000000       0x3a
 .text.z_thread_entry
                0x00000000       0x3a zephyr/libzephyr.a(thread_entry.c.obj)
                0x00000000                z_thread_entry

.text._ldiv5    0x00000000       0x5d
 .text._ldiv5   0x00000000       0x5d zephyr/libzephyr.a(cbprintf_complete.c.obj)

.text._get_digit
                0x00000000       0x36
 .text._get_digit
                0x00000000       0x36 zephyr/libzephyr.a(cbprintf_complete.c.obj)

.text.outs      0x00000000       0x4f
 .text.outs     0x00000000       0x4f zephyr/libzephyr.a(cbprintf_complete.c.obj)

.text.extract_decimal
                0x00000000       0x37
 .text.extract_decimal
                0x00000000       0x37 zephyr/libzephyr.a(cbprintf_complete.c.obj)

.text.encode_uint
                0x00000000       0xd7
 .text.encode_uint
                0x00000000       0xd7 zephyr/libzephyr.a(cbprintf_complete.c.obj)

.text.z_cbvprintf_impl
                0x00000000      0xf48
 .text.z_cbvprintf_impl
                0x00000000      0xf48 zephyr/libzephyr.a(cbprintf_complete.c.obj)
                0x00000000                z_cbvprintf_impl

.text.assert_print
                0x00000000       0x17
 .text.assert_print
                0x00000000       0x17 zephyr/libzephyr.a(assert.c.obj)
                0x00000000                assert_print

.text._ConfigAbsSyms
                0x00000000        0x1
 .text._ConfigAbsSyms
                0x00000000        0x1 zephyr/libzephyr.a(configs.c.obj)
                0x00000000                _ConfigAbsSyms

.text.sys_trace_isr_enter
                0x00000000        0x1
 .text.sys_trace_isr_enter
                0x00000000        0x1 zephyr/libzephyr.a(tracing_none.c.obj)
                0x00000000                sys_trace_isr_enter

.text.sys_trace_isr_exit
                0x00000000        0x1
 .text.sys_trace_isr_exit
                0x00000000        0x1 zephyr/libzephyr.a(tracing_none.c.obj)
                0x00000000                sys_trace_isr_exit

.text.sys_trace_idle
                0x00000000        0x1
 .text.sys_trace_idle
                0x00000000        0x1 zephyr/libzephyr.a(tracing_none.c.obj)
                0x00000000                sys_trace_idle

.text.arch_cpu_idle
                0x00000000       0x16
 .text.arch_cpu_idle
                0x00000000       0x16 zephyr/arch/arch/posix/core/libarch__posix__core.a(cpuhalt.c.obj)
                0x00000000                arch_cpu_idle

.text.arch_system_halt
                0x00000000       0x27
 .text.arch_system_halt
                0x00000000       0x27 zephyr/arch/arch/posix/core/libarch__posix__core.a(fatal.c.obj)
                0x00000000                arch_system_halt

.text.arch_irq_enable
                0x00000000        0x5
 .text.arch_irq_enable
                0x00000000        0x5 zephyr/arch/arch/posix/core/libarch__posix__core.a(irq.c.obj)
                0x00000000                arch_irq_enable

.text.arch_swap
                0x00000000       0x50
 .text.arch_swap
                0x00000000       0x50 zephyr/arch/arch/posix/core/libarch__posix__core.a(swap.c.obj)
                0x00000000                arch_swap

.text.arch_switch_to_main_thread
                0x00000000       0x1c
 .text.arch_switch_to_main_thread
                0x00000000       0x1c zephyr/arch/arch/posix/core/libarch__posix__core.a(swap.c.obj)
                0x00000000                arch_switch_to_main_thread

.text.arch_new_thread
                0x00000000       0x41
 .text.arch_new_thread
                0x00000000       0x41 zephyr/arch/arch/posix/core/libarch__posix__core.a(thread.c.obj)
                0x00000000                arch_new_thread

.text.posix_arch_thread_entry
                0x00000000       0x1d
 .text.posix_arch_thread_entry
                0x00000000       0x1d zephyr/arch/arch/posix/core/libarch__posix__core.a(thread.c.obj)
                0x00000000                posix_arch_thread_entry

.text.z_impl_k_thread_abort
                0x00000000       0x84
 .text.z_impl_k_thread_abort
                0x00000000       0x84 zephyr/arch/arch/posix/core/libarch__posix__core.a(thread.c.obj)
                0x00000000                z_impl_k_thread_abort

.text.posix_arch_init
                0x00000000       0x1a
 .text.posix_arch_init
                0x00000000       0x1a zephyr/arch/arch/posix/core/libarch__posix__core.a(posix_core_nsi.c.obj)
                0x00000000                posix_arch_init

.text.posix_arch_clean_up
                0x00000000       0x16
 .text.posix_arch_clean_up
                0x00000000       0x16 zephyr/arch/arch/posix/core/libarch__posix__core.a(posix_core_nsi.c.obj)
                0x00000000                posix_arch_clean_up

.text.posix_swap
                0x00000000       0x17
 .text.posix_swap
                0x00000000       0x17 zephyr/arch/arch/posix/core/libarch__posix__core.a(posix_core_nsi.c.obj)
                0x00000000                posix_swap

.text.posix_main_thread_start
                0x00000000       0x19
 .text.posix_main_thread_start
                0x00000000       0x19 zephyr/arch/arch/posix/core/libarch__posix__core.a(posix_core_nsi.c.obj)
                0x00000000                posix_main_thread_start

.text.posix_new_thread
                0x00000000       0x19
 .text.posix_new_thread
                0x00000000       0x19 zephyr/arch/arch/posix/core/libarch__posix__core.a(posix_core_nsi.c.obj)
                0x00000000                posix_new_thread

.text.posix_abort_thread
                0x00000000       0x19
 .text.posix_abort_thread
                0x00000000       0x19 zephyr/arch/arch/posix/core/libarch__posix__core.a(posix_core_nsi.c.obj)
                0x00000000                posix_abort_thread

.text.posix_is_cpu_running
                0x00000000       0x16
 .text.posix_is_cpu_running
                0x00000000       0x16 zephyr/soc/soc/native/libsoc__native__inf_clock.a(soc.c.obj)
                0x00000000                posix_is_cpu_running

.text.posix_interrupt_raised
                0x00000000       0x16
 .text.posix_interrupt_raised
                0x00000000       0x16 zephyr/soc/soc/native/libsoc__native__inf_clock.a(soc.c.obj)
                0x00000000                posix_interrupt_raised

.text.posix_halt_cpu
                0x00000000       0x1a
 .text.posix_halt_cpu
                0x00000000       0x1a zephyr/soc/soc/native/libsoc__native__inf_clock.a(soc.c.obj)
                0x00000000                posix_halt_cpu

.text.posix_boot_cpu
                0x00000000       0x2c
 .text.posix_boot_cpu
                0x00000000       0x2c zephyr/soc/soc/native/libsoc__native__inf_clock.a(soc.c.obj)
                0x00000000                posix_boot_cpu

.text.posix_soc_clean_up
                0x00000000       0x28
 .text.posix_soc_clean_up
                0x00000000       0x28 zephyr/soc/soc/native/libsoc__native__inf_clock.a(soc.c.obj)
                0x00000000                posix_soc_clean_up

.text.run_native_tasks
                0x00000000       0x29
 .text.run_native_tasks
                0x00000000       0x29 zephyr/soc/soc/native/libsoc__native__inf_clock.a(native_tasks.c.obj)
                0x00000000                run_native_tasks

.text.posix_irq_handler
                0x00000000      0x124
 .text.posix_irq_handler
                0x00000000      0x124 zephyr/boards/native/native_sim/libboards__native__native_sim.a(irq_handler.c.obj)
                0x00000000                posix_irq_handler

.text.posix_irq_lock
                0x00000000       0x12
 .text.posix_irq_lock
                0x00000000       0x12 zephyr/boards/native/native_sim/libboards__native__native_sim.a(irq_handler.c.obj)
                0x00000000                posix_irq_lock

.text.posix_irq_unlock
                0x00000000        0x5
 .text.posix_irq_unlock
                0x00000000        0x5 zephyr/boards/native/native_sim/libboards__native__native_sim.a(irq_handler.c.obj)
                0x00000000                posix_irq_unlock

.text.posix_irq_full_unlock
                0x00000000       0x12
 .text.posix_irq_full_unlock
                0x00000000       0x12 zephyr/boards/native/native_sim/libboards__native__native_sim.a(irq_handler.c.obj)
                0x00000000                posix_irq_full_unlock

.text.posix_irq_enable
                0x00000000        0x5
 .text.posix_irq_enable
                0x00000000        0x5 zephyr/boards/native/native_sim/libboards__native__native_sim.a(irq_handler.c.obj)
                0x00000000                posix_irq_enable

.text.posix_isr_declare
                0x00000000       0x4c
 .text.posix_isr_declare
                0x00000000       0x4c zephyr/boards/native/native_sim/libboards__native__native_sim.a(irq_handler.c.obj)
                0x00000000                posix_isr_declare

.text.posix_irq_priority_set
                0x00000000        0x5
 .text.posix_irq_priority_set
                0x00000000        0x5 zephyr/boards/native/native_sim/libboards__native__native_sim.a(irq_handler.c.obj)
                0x00000000                posix_irq_priority_set

.text.set_realtime_default
                0x00000000       0x12
 .text.set_realtime_default
                0x00000000       0x12 zephyr/boards/native/native_sim/libboards__native__native_sim.a(misc.c.obj)

.text.posix_print_error_and_exit
                0x00000000       0x17
 .text.posix_print_error_and_exit
                0x00000000       0x17 zephyr/boards/native/native_sim/libboards__native__native_sim.a(posix_arch_if.c.obj)
                0x00000000                posix_print_error_and_exit

.text.posix_print_warning
                0x00000000       0x17
 .text.posix_print_warning
                0x00000000       0x17 zephyr/boards/native/native_sim/libboards__native__native_sim.a(posix_arch_if.c.obj)
                0x00000000                posix_print_warning

.text.posix_print_trace
                0x00000000       0x17
 .text.posix_print_trace
                0x00000000       0x17 zephyr/boards/native/native_sim/libboards__native__native_sim.a(posix_arch_if.c.obj)
                0x00000000                posix_print_trace

.text.posix_arch_console_init
                0x00000000       0x17
 .text.posix_arch_console_init
                0x00000000       0x17 zephyr/drivers/console/libdrivers__console.a(posix_arch_console.c.obj)

.text.print_char
                0x00000000       0x61
 .text.print_char
                0x00000000       0x61 zephyr/drivers/console/libdrivers__console.a(posix_arch_console.c.obj)

.text.np_timer_isr
                0x00000000       0x85
 .text.np_timer_isr
                0x00000000       0x85 zephyr/drivers/timer/libdrivers__timer.a(native_posix_timer.c.obj)

.text.sys_clock_driver_init
                0x00000000       0x65
 .text.sys_clock_driver_init
                0x00000000       0x65 zephyr/drivers/timer/libdrivers__timer.a(native_posix_timer.c.obj)

.text.sys_clock_set_timeout
                0x00000000       0x2b
 .text.sys_clock_set_timeout
                0x00000000       0x2b zephyr/drivers/timer/libdrivers__timer.a(native_posix_timer.c.obj)
                0x00000000                sys_clock_set_timeout

.text.sys_clock_elapsed
                0x00000000       0x35
 .text.sys_clock_elapsed
                0x00000000       0x35 zephyr/drivers/timer/libdrivers__timer.a(native_posix_timer.c.obj)
                0x00000000                sys_clock_elapsed

.text.k_sys_fatal_error_handler
                0x00000000        0xe
 .text.k_sys_fatal_error_handler
                0x00000000        0xe zephyr/kernel/libkernel.a(fatal.c.obj)
                0x00000000                k_sys_fatal_error_handler

.text.z_fatal_error
                0x00000000       0x45
 .text.z_fatal_error
                0x00000000       0x45 zephyr/kernel/libkernel.a(fatal.c.obj)
                0x00000000                z_fatal_error

.text.do_device_init
                0x00000000       0x41
 .text.do_device_init
                0x00000000       0x41 zephyr/kernel/libkernel.a(init.c.obj)

.text.z_sys_init_run_level
                0x00000000       0x31
 .text.z_sys_init_run_level
                0x00000000       0x31 zephyr/kernel/libkernel.a(init.c.obj)

.text.bg_thread_main
                0x00000000       0xd4
 .text.bg_thread_main
                0x00000000       0xd4 zephyr/kernel/libkernel.a(init.c.obj)

.text.z_init_cpu
                0x00000000       0x65
 .text.z_init_cpu
                0x00000000       0x65 zephyr/kernel/libkernel.a(init.c.obj)
                0x00000000                z_init_cpu

.text.z_cstart  0x00000000       0xc6
 .text.z_cstart
                0x00000000       0xc6 zephyr/kernel/libkernel.a(init.c.obj)
                0x00000000                z_cstart

.text.__do_global_ctors_aux
                0x00000000       0x22
 .text.__do_global_ctors_aux
                0x00000000       0x22 zephyr/kernel/libkernel.a(init_static.c.obj)
                0x00000000                __do_global_ctors_aux

.text.__do_init_array_aux
                0x00000000       0x1d
 .text.__do_init_array_aux
                0x00000000       0x1d zephyr/kernel/libkernel.a(init_static.c.obj)
                0x00000000                __do_init_array_aux

.text.z_init_static
                0x00000000       0x11
 .text.z_init_static
                0x00000000       0x11 zephyr/kernel/libkernel.a(init_static.c.obj)
                0x00000000                z_init_static

.text.idle      0x00000000       0x12
 .text.idle     0x00000000       0x12 zephyr/kernel/libkernel.a(idle.c.obj)
                0x00000000                idle

.text.z_impl_k_thread_start
                0x00000000        0x5
 .text.z_impl_k_thread_start
                0x00000000        0x5 zephyr/kernel/libkernel.a(thread.c.obj)
                0x00000000                z_impl_k_thread_start

.text.z_setup_new_thread
                0x00000000       0x75
 .text.z_setup_new_thread
                0x00000000       0x75 zephyr/kernel/libkernel.a(thread.c.obj)
                0x00000000                z_setup_new_thread

.text.sys_dlist_remove
                0x00000000       0x12
 .text.sys_dlist_remove
                0x00000000       0x12 zephyr/kernel/libkernel.a(sched.c.obj)

.text.unpend_thread_no_timeout
                0x00000000       0x16
 .text.unpend_thread_no_timeout
                0x00000000       0x16 zephyr/kernel/libkernel.a(sched.c.obj)

.text.update_cache
                0x00000000       0x51
 .text.update_cache
                0x00000000       0x51 zephyr/kernel/libkernel.a(sched.c.obj)

.text.ready_thread
                0x00000000       0x79
 .text.ready_thread
                0x00000000       0x79 zephyr/kernel/libkernel.a(sched.c.obj)

.text.z_thread_halt
                0x00000000       0xde
 .text.z_thread_halt
                0x00000000       0xde zephyr/kernel/libkernel.a(sched.c.obj)

.text.move_thread_to_end_of_prio_q
                0x00000000       0x83
 .text.move_thread_to_end_of_prio_q
                0x00000000       0x83 zephyr/kernel/libkernel.a(sched.c.obj)
                0x00000000                move_thread_to_end_of_prio_q

.text.z_ready_thread
                0x00000000       0x21
 .text.z_ready_thread
                0x00000000       0x21 zephyr/kernel/libkernel.a(sched.c.obj)
                0x00000000                z_ready_thread

.text.z_sched_wake_thread
                0x00000000       0x55
 .text.z_sched_wake_thread
                0x00000000       0x55 zephyr/kernel/libkernel.a(sched.c.obj)
                0x00000000                z_sched_wake_thread

.text.z_thread_timeout
                0x00000000       0x19
 .text.z_thread_timeout
                0x00000000       0x19 zephyr/kernel/libkernel.a(sched.c.obj)
                0x00000000                z_thread_timeout

.text.z_reschedule
                0x00000000       0x32
 .text.z_reschedule
                0x00000000       0x32 zephyr/kernel/libkernel.a(sched.c.obj)
                0x00000000                z_reschedule

.text.z_sched_start
                0x00000000       0x48
 .text.z_sched_start
                0x00000000       0x48 zephyr/kernel/libkernel.a(sched.c.obj)
                0x00000000                z_sched_start

.text.z_reschedule_irqlock
                0x00000000       0x32
 .text.z_reschedule_irqlock
                0x00000000       0x32 zephyr/kernel/libkernel.a(sched.c.obj)
                0x00000000                z_reschedule_irqlock

.text.k_sched_lock
                0x00000000       0x22
 .text.k_sched_lock
                0x00000000       0x22 zephyr/kernel/libkernel.a(sched.c.obj)
                0x00000000                k_sched_lock

.text.k_sched_unlock
                0x00000000       0x3d
 .text.k_sched_unlock
                0x00000000       0x3d zephyr/kernel/libkernel.a(sched.c.obj)
                0x00000000                k_sched_unlock

.text.z_sched_init
                0x00000000       0x15
 .text.z_sched_init
                0x00000000       0x15 zephyr/kernel/libkernel.a(sched.c.obj)
                0x00000000                z_sched_init

.text.z_impl_k_sched_current_thread_query
                0x00000000        0x6
 .text.z_impl_k_sched_current_thread_query
                0x00000000        0x6 zephyr/kernel/libkernel.a(sched.c.obj)
                0x00000000                z_impl_k_sched_current_thread_query

.text.z_thread_abort
                0x00000000       0x6a
 .text.z_thread_abort
                0x00000000       0x6a zephyr/kernel/libkernel.a(sched.c.obj)
                0x00000000                z_thread_abort

.text.slice_timeout
                0x00000000       0x1d
 .text.slice_timeout
                0x00000000       0x1d zephyr/kernel/libkernel.a(timeslicing.c.obj)

.text.thread_is_sliceable
                0x00000000       0x3f
 .text.thread_is_sliceable
                0x00000000       0x3f zephyr/kernel/libkernel.a(timeslicing.c.obj)
                0x00000000                thread_is_sliceable

.text.z_reset_time_slice
                0x00000000       0x53
 .text.z_reset_time_slice
                0x00000000       0x53 zephyr/kernel/libkernel.a(timeslicing.c.obj)
                0x00000000                z_reset_time_slice

.text.z_time_slice
                0x00000000       0x63
 .text.z_time_slice
                0x00000000       0x63 zephyr/kernel/libkernel.a(timeslicing.c.obj)
                0x00000000                z_time_slice

.text.elapsed   0x00000000       0x11
 .text.elapsed  0x00000000       0x11 zephyr/kernel/libkernel.a(timeout.c.obj)

.text.remove_timeout
                0x00000000       0x37
 .text.remove_timeout
                0x00000000       0x37 zephyr/kernel/libkernel.a(timeout.c.obj)

.text.next_timeout
                0x00000000       0x57
 .text.next_timeout
                0x00000000       0x57 zephyr/kernel/libkernel.a(timeout.c.obj)

.text.z_add_timeout
                0x00000000      0x14a
 .text.z_add_timeout
                0x00000000      0x14a zephyr/kernel/libkernel.a(timeout.c.obj)
                0x00000000                z_add_timeout

.text.z_abort_timeout
                0x00000000       0x35
 .text.z_abort_timeout
                0x00000000       0x35 zephyr/kernel/libkernel.a(timeout.c.obj)
                0x00000000                z_abort_timeout

.text.sys_clock_announce
                0x00000000       0xfa
 .text.sys_clock_announce
                0x00000000       0xfa zephyr/kernel/libkernel.a(timeout.c.obj)
                0x00000000                sys_clock_announce

.text.boot_banner
                0x00000000       0x15
 .text.boot_banner
                0x00000000       0x15 zephyr/kernel/libkernel.a(banner.c.obj)
                0x00000000                boot_banner

.text.z_device_state_init
                0x00000000        0x1
 .text.z_device_state_init
                0x00000000        0x1 zephyr/kernel/libkernel.a(device.c.obj)
                0x00000000                z_device_state_init

.native_sim_if  0x00000001       0x8f
 *(SORT_BY_ALIGNMENT(.native_sim_if))
 .native_sim_if
                0x00000001       0x5c zephyr/boards/native/native_sim/libboards__native__native_sim.a(nsi_if.c.obj)
                0x00000001                nsif_cpu0_pre_cmdline_hooks
                0x00000013                nsif_cpu0_pre_hw_init_hooks
                0x00000025                nsif_cpu0_boot
                0x00000049                nsif_cpu0_cleanup
                0x00000058                nsif_cpu0_irq_raised
 .native_sim_if
                0x0000005d       0x33 zephyr/boards/native/native_sim/libboards__native__native_sim.a(irq_handler.c.obj)
                0x0000005d                nsif_cpu0_irq_raised_from_sw
 *(SORT_BY_ALIGNMENT(.native_sim_if.*))

.fini
 *(SORT_NONE(.fini))

.rodata
 *(SORT_BY_ALIGNMENT(.rodata))

.rodata.cst8    0x00000000       0xa8
 .rodata.cst8   0x00000000       0x68 app/libapp.a(dsp.c.obj)
 .rodata.cst8   0x00000068       0x40 app/libapp.a(test_filter.c.obj)

.rodata.cst16   0x00000000       0x30
 .rodata.cst16  0x00000000       0x10 app/libapp.a(dsp.c.obj)
 .rodata.cst16  0x00000010       0x20 zephyr/libzephyr.a(cbprintf_complete.c.obj)

.rodata.main.str1.1
                0x00000000       0xc9
 .rodata.main.str1.1
                0x00000000       0xc9 app/libapp.a(test_filter.c.obj)

.rodata.z_thread_entry.str1.1
                0x00000000       0x4e
 .rodata.z_thread_entry.str1.1
                0x00000000       0x4e zephyr/libzephyr.a(thread_entry.c.obj)

.rodata.z_cbvprintf_impl.str1.1
                0x00000000        0x6
 .rodata.z_cbvprintf_impl.str1.1
                0x00000000        0x6 zephyr/libzephyr.a(cbprintf_complete.c.obj)

.rodata.z_cbvprintf_impl
                0x00000000       0xec
 .rodata.z_cbvprintf_impl
                0x00000000       0xec zephyr/libzephyr.a(cbprintf_complete.c.obj)

.rodata.arch_system_halt.str1.1
                0x00000000       0x6c
 .rodata.arch_system_halt.str1.1
                0x00000000       0x6c zephyr/arch/arch/posix/core/libarch__posix__core.a(fatal.c.obj)

.rodata.z_impl_k_thread_abort.str1.1
                0x00000000       0x77
 .rodata.z_impl_k_thread_abort.str1.1
                0x00000000       0x77 zephyr/arch/arch/posix/core/libarch__posix__core.a(thread.c.obj)

.rodata.native_pre_tasks.0
                0x00000000       0x18
 .rodata.native_pre_tasks.0
                0x00000000       0x18 zephyr/soc/soc/native/libsoc__native__inf_clock.a(native_tasks.c.obj)

.rodata.posix_irq_handler.str1.1
                0x00000000       0x2e
 .rodata.posix_irq_handler.str1.1
                0x00000000       0x2e zephyr/boards/native/native_sim/libboards__native__native_sim.a(irq_handler.c.obj)

.rodata.str1.1  0x00000000       0x35
 .rodata.str1.1
                0x00000000       0x35 zephyr/boards/native/native_sim/libboards__native__native_sim.a(irq_handler.c.obj)

.rodata.posix_isr_declare.str1.1
                0x00000000       0x32
 .rodata.posix_isr_declare.str1.1
                0x00000000       0x32 zephyr/boards/native/native_sim/libboards__native__native_sim.a(irq_handler.c.obj)

.rodata.__func__.1
                0x00000000       0x1d
 .rodata.__func__.1
                0x00000000       0x1d zephyr/boards/native/native_sim/libboards__native__native_sim.a(irq_handler.c.obj)

.rodata.print_char.str1.1
                0x00000000        0x4
 .rodata.print_char.str1.1
                0x00000000        0x4 zephyr/drivers/console/libdrivers__console.a(posix_arch_console.c.obj)

.rodata.z_cstart.str1.1
                0x00000000       0x4b
 .rodata.z_cstart.str1.1
                0x00000000       0x4b zephyr/kernel/libkernel.a(init.c.obj)

.rodata.levels.0
                0x00000000       0x18
 .rodata.levels.0
                0x00000000       0x18 zephyr/kernel/libkernel.a(init.c.obj)

.rodata.z_thread_abort.str1.1
                0x00000000       0x2b
 .rodata.z_thread_abort.str1.1
                0x00000000       0x2b zephyr/kernel/libkernel.a(sched.c.obj)

.rodata.boot_banner.str1.1
                0x00000000       0x28
 .rodata.boot_banner.str1.1
                0x00000000       0x28 zephyr/kernel/libkernel.a(banner.c.obj)

.rodata1
 *(SORT_BY_ALIGNMENT(.rodata1))

.eh_frame_hdr
 *(SORT_BY_ALIGNMENT(.eh_frame_hdr))

.eh_frame
 *(SORT_BY_ALIGNMENT(.eh_frame))

.sframe
 *(SORT_BY_ALIGNMENT(.sframe))

.gcc_except_table
 *(SORT_BY_ALIGNMENT(.gcc_except_table))

.gnu_extab
 *(SORT_BY_ALIGNMENT(.gnu_extab*))

.exception_ranges
 *(SORT_BY_ALIGNMENT(.exception_ranges))

.eh_frame
 *(SORT_BY_ALIGNMENT(.eh_frame))

.sframe
 *(SORT_BY_ALIGNMENT(.sframe))

.gnu_extab
 *(SORT_BY_ALIGNMENT(.gnu_extab))

.gcc_except_table
 *(SORT_BY_ALIGNMENT(.gcc_except_table))

.exception_ranges
 *(SORT_BY_ALIGNMENT(.exception_ranges))

.tdata
 *(SORT_BY_ALIGNMENT(.tdata))

.tbss
 *(SORT_BY_ALIGNMENT(.tbss))

.jcr
 *(SORT_BY_ALIGNMENT(.jcr))

.dynamic
 *(SORT_BY_ALIGNMENT(.dynamic))

.got
 *(SORT_BY_ALIGNMENT(.got))

.got.plt
 *(SORT_BY_ALIGNMENT(.got.plt))

.data
 *(SORT_BY_ALIGNMENT(.data))
LOAD zephyr/CMakeFiles/zephyr_pre0.dir/misc/empty_file.c.obj
LOAD zephyr/CMakeFiles/offsets.dir/./arch/posix/core/offsets/offsets.c.obj
LOAD app/libapp.a
LOAD zephyr/libzephyr.a
LOAD zephyr/arch/arch/posix/core/libarch__posix__core.a
LOAD zephyr/soc/soc/native/libsoc__native__inf_clock.a
LOAD zephyr/boards/native/native_sim/libboards__native__native_sim.a
LOAD zephyr/drivers/console/libdrivers__console.a
LOAD zephyr/drivers/timer/libdrivers__timer.a
LOAD zephyr/kernel/libkernel.a

.data._char_out
                0x00000000        0x4
 .data._char_out
                0x00000000        0x4 zephyr/libzephyr.a(printk.c.obj)
                0x00000000                _char_out

.data.currently_running_irq
                0x00000000        0x4
 .data.currently_running_irq
                0x00000000        0x4 zephyr/boards/native/native_sim/libboards__native__native_sim.a(irq_handler.c.obj)

.data.timeout_list
                0x00000000        0x8
 .data.timeout_list
                0x00000000        0x8 zephyr/kernel/libkernel.a(timeout.c.obj)

rom_start

initlevel       0x00000008       0x10
                0x00000008                        __init_start = .
                0x00000008                        __init_EARLY_start = .
 *(SORT_BY_NAME(SORT_BY_ALIGNMENT(.z_init_EARLY?_*)))
 *(SORT_BY_NAME(SORT_BY_ALIGNMENT(.z_init_EARLY??_*)))
                0x00000008                        __init_PRE_KERNEL_1_start = .
 *(SORT_BY_NAME(SORT_BY_ALIGNMENT(.z_init_PRE_KERNEL_1?_*)))
 *(SORT_BY_NAME(SORT_BY_ALIGNMENT(.z_init_PRE_KERNEL_1??_*)))
 .z_init_PRE_KERNEL_199_0_
                0x00000008        0x8 zephyr/drivers/console/libdrivers__console.a(posix_arch_console.c.obj)
                0x00000010                        __init_PRE_KERNEL_2_start = .
 *(SORT_BY_NAME(SORT_BY_ALIGNMENT(.z_init_PRE_KERNEL_2?_*)))
 .z_init_PRE_KERNEL_20_0_
                0x00000010        0x8 zephyr/drivers/timer/libdrivers__timer.a(native_posix_timer.c.obj)
 *(SORT_BY_NAME(SORT_BY_ALIGNMENT(.z_init_PRE_KERNEL_2??_*)))
                0x00000018                        __init_POST_KERNEL_start = .
 *(SORT_BY_NAME(SORT_BY_ALIGNMENT(.z_init_POST_KERNEL?_*)))
 *(SORT_BY_NAME(SORT_BY_ALIGNMENT(.z_init_POST_KERNEL??_*)))
                0x00000018                        __init_APPLICATION_start = .
 *(SORT_BY_NAME(SORT_BY_ALIGNMENT(.z_init_APPLICATION?_*)))
 *(SORT_BY_NAME(SORT_BY_ALIGNMENT(.z_init_APPLICATION??_*)))
                0x00000018                        __init_SMP_start = .
 *(SORT_BY_NAME(SORT_BY_ALIGNMENT(.z_init_SMP?_*)))
 *(SORT_BY_NAME(SORT_BY_ALIGNMENT(.z_init_SMP??_*)))
                0x00000018                        __init_end = .
                0x00000018                        __deferred_init_list_start = .
 *(SORT_BY_ALIGNMENT(.z_deferred_init*))
                0x00000018                        __deferred_init_list_end = .

device_area     0x00000018        0x0
                0x00000018                        _device_list_start = .
 *(SORT_BY_NAME(SORT_BY_ALIGNMENT(._device.static.*_?_*)))
 *(SORT_BY_NAME(SORT_BY_ALIGNMENT(._device.static.*_??_*)))
                0x00000018                        _device_list_end = .

initlevel_error
 *(SORT_BY_NAME(SORT_BY_ALIGNMENT(.z_init_[_A-Z0-9]*)))
                0x00000001                        ASSERT ((SIZEOF (initlevel_error) == 0x0), Undefined initialization levels used.)

app_shmem_regions
                0x00000018        0x0
                0x00000018                        __app_shmem_regions_start = .
 *(SORT_BY_NAME(SORT_BY_ALIGNMENT(.app_regions.*)))
                0x00000018                        __app_shmem_regions_end = .

k_p4wq_initparam_area
                0x00000018        0x0
                0x00000018                        _k_p4wq_initparam_list_start = .
 *(SORT_BY_NAME(SORT_BY_ALIGNMENT(._k_p4wq_initparam.static.*)))
                0x00000018                        _k_p4wq_initparam_list_end = .

_static_thread_data_area
                0x00000018        0x0
                0x00000018                        __static_thread_data_list_start = .
 *(SORT_BY_NAME(SORT_BY_ALIGNMENT(.__static_thread_data.static.*)))
                0x00000018                        __static_thread_data_list_end = .

device_deps     0x00000018        0x0
                0x00000018                        __device_deps_start = .
 *(SORT_BY_NAME(SORT_BY_ALIGNMENT(.__device_deps_pass2*)))
                0x00000018                        __device_deps_end = .

ztest           0x00000018        0x0
                0x00000018                        _ztest_expected_result_entry_list_start = .
 *(SORT_BY_NAME(SORT_BY_ALIGNMENT(._ztest_expected_result_entry.static.*)))
                0x00000018                        _ztest_expected_result_entry_list_end = .
                0x00000018                        _ztest_suite_node_list_start = .
 *(SORT_BY_NAME(SORT_BY_ALIGNMENT(._ztest_suite_node.static.*)))
                0x00000018                        _ztest_suite_node_list_end = .
                0x00000018                        _ztest_unit_test_list_start = .
 *(SORT_BY_NAME(SORT_BY_ALIGNMENT(._ztest_unit_test.static.*)))
                0x00000018                        _ztest_unit_test_list_end = .
                0x00000018                        _ztest_test_rule_list_start = .
 *(SORT_BY_NAME(SORT_BY_ALIGNMENT(._ztest_test_rule.static.*)))
                0x00000018                        _ztest_test_rule_list_end = .

ctors           0x00000018        0xc
                0x00000018                        . = ALIGN (0x4)
                0x00000018                        __ZEPHYR_CTOR_LIST__ = .
                0x00000018        0x4 LONG 0x0 (((__ZEPHYR_CTOR_END__ - __ZEPHYR_CTOR_LIST__) / 0x4) - 0x2)
 *(SORT_BY_NAME(SORT_BY_ALIGNMENT(.ctors*)))
                0x0000001c                        __CTOR_LIST__ = .
                0x0000001c        0x4 LONG 0x0
                0x00000020                        __ZEPHYR_CTOR_END__ = .
                0x00000020        0x4 LONG 0x0
                0x00000024                        __CTOR_END__ = .

init_array      0x00000024        0x0
                0x00000024                        . = ALIGN (0x4)
                0x00000024                        __init_array_start = .
                0x00000024                        __init_array_end = .
                0x00000024                        __zephyr_init_array_start = .
 *(SORT_BY_NAME(SORT_BY_ALIGNMENT(.init_array*)))
                0x00000024                        __zephyr_init_array_end = .

bt_l2cap_fixed_chan_area
                0x00000024        0x0
                0x00000024                        _bt_l2cap_fixed_chan_list_start = .
 *(SORT_BY_NAME(SORT_BY_ALIGNMENT(._bt_l2cap_fixed_chan.static.*)))
                0x00000024                        _bt_l2cap_fixed_chan_list_end = .

bt_gatt_service_static_area
                0x00000024        0x0
                0x00000024                        _bt_gatt_service_static_list_start = .
 *(SORT_BY_NAME(SORT_BY_ALIGNMENT(._bt_gatt_service_static.static.*)))
                0x00000024                        _bt_gatt_service_static_list_end = .

log_strings_area
                0x00000024        0x0
                0x00000024                        _log_strings_list_start = .
 *(SORT_BY_NAME(SORT_BY_ALIGNMENT(._log_strings.static.*)))
                0x00000024                        _log_strings_list_end = .

log_const_area  0x00000024        0x0
                0x00000024                        _log_const_list_start = .
 *(SORT_BY_NAME(SORT_BY_ALIGNMENT(._log_const.static.*)))
                0x00000024                        _log_const_list_end = .

log_backend_area
                0x00000024        0x0
                0x00000024                        _log_backend_list_start = .
 *(SORT_BY_NAME(SORT_BY_ALIGNMENT(._log_backend.static.*)))
                0x00000024                        _log_backend_list_end = .

log_link_area   0x00000024        0x0
                0x00000024                        _log_link_list_start = .
 *(SORT_BY_NAME(SORT_BY_ALIGNMENT(._log_link.static.*)))
                0x00000024                        _log_link_list_end = .

tracing_backend_area
                0x00000024        0x0
                0x00000024                        _tracing_backend_list_start = .
 *(SORT_BY_NAME(SORT_BY_ALIGNMENT(._tracing_backend.static.*)))
                0x00000024                        _tracing_backend_list_end = .

zephyr_dbg_info
 *(SORT_BY_ALIGNMENT(.dbg_thread_info))

intc_table_area
                0x00000024        0x0
                0x00000024                        _intc_table_list_start = .
 *(SORT_BY_NAME(SORT_BY_ALIGNMENT(._intc_table.static.*)))
                0x00000024                        _intc_table_list_end = .

symbol_to_keep  0x00000024        0x0
                0x00000024                        __symbol_to_keep_start = .
 *(SORT_BY_NAME(SORT_BY_ALIGNMENT(.symbol_to_keep*)))
                0x00000024                        __symbol_to_keep_end = .

shell_area      0x00000024        0x0
                0x00000024                        _shell_list_start = .
 *(SORT_BY_NAME(SORT_BY_ALIGNMENT(._shell.static.*)))
                0x00000024                        _shell_list_end = .

shell_root_cmds_area
                0x00000024        0x0
                0x00000024                        _shell_root_cmds_list_start = .
 *(SORT_BY_NAME(SORT_BY_ALIGNMENT(._shell_root_cmds.static.*)))
                0x00000024                        _shell_root_cmds_list_end = .

shell_subcmds_area
                0x00000024        0x0
                0x00000024                        _shell_subcmds_list_start = .
 *(SORT_BY_NAME(SORT_BY_ALIGNMENT(._shell_subcmds.static.*)))
                0x00000024                        _shell_subcmds_list_end = .

shell_dynamic_subcmds_area
                0x00000024        0x0
                0x00000024                        _shell_dynamic_subcmds_list_start = .
 *(SORT_BY_NAME(SORT_BY_ALIGNMENT(._shell_dynamic_subcmds.static.*)))
                0x00000024                        _shell_dynamic_subcmds_list_end = .

cfb_font_area   0x00000024        0x0
                0x00000024                        _cfb_font_list_start = .
 *(SORT_BY_NAME(SORT_BY_ALIGNMENT(._cfb_font.static.*)))
                0x00000024                        _cfb_font_list_end = .

rodata

datas

device_states   0x00000024        0x0
                0x00000024                        __device_states_start = .
 *(SORT_BY_ALIGNMENT(.z_devstate))
 *(SORT_BY_ALIGNMENT(.z_devstate.*))
                0x00000024                        __device_states_end = .

log_mpsc_pbuf_area
                0x00000024        0x0
                0x00000024                        _log_mpsc_pbuf_list_start = .
 *(SORT_BY_NAME(SORT_BY_ALIGNMENT(._log_mpsc_pbuf.static.*)))
                0x00000024                        _log_mpsc_pbuf_list_end = .

log_msg_ptr_area
                0x00000024        0x0
                0x00000024                        _log_msg_ptr_list_start = .
 *(SORT_BY_NAME(SORT_BY_ALIGNMENT(._log_msg_ptr.static.*)))
                0x00000024                        _log_msg_ptr_list_end = .

log_dynamic_area
                0x00000024        0x0
                0x00000024                        _log_dynamic_list_start = .
 *(SORT_BY_NAME(SORT_BY_ALIGNMENT(._log_dynamic.static.*)))
                0x00000024                        _log_dynamic_list_end = .

k_timer_area    0x00000024        0x0
                0x00000024                        _k_timer_list_start = .
 *(SORT_BY_NAME(SORT_BY_ALIGNMENT(._k_timer.static.*)))
                0x00000024                        _k_timer_list_end = .

k_mem_slab_area
                0x00000024        0x0
                0x00000024                        _k_mem_slab_list_start = .
 *(SORT_BY_NAME(SORT_BY_ALIGNMENT(._k_mem_slab.static.*)))
                0x00000024                        _k_mem_slab_list_end = .

k_heap_area     0x00000024        0x0
                0x00000024                        _k_heap_list_start = .
 *(SORT_BY_NAME(SORT_BY_ALIGNMENT(._k_heap.static.*)))
                0x00000024                        _k_heap_list_end = .

k_mutex_area    0x00000024        0x0
                0x00000024                        _k_mutex_list_start = .
 *(SORT_BY_NAME(SORT_BY_ALIGNMENT(._k_mutex.static.*)))
                0x00000024                        _k_mutex_list_end = .

k_stack_area    0x00000024        0x0
                0x00000024                        _k_stack_list_start = .
 *(SORT_BY_NAME(SORT_BY_ALIGNMENT(._k_stack.static.*)))
                0x00000024                        _k_stack_list_end = .

k_msgq_area     0x00000024        0x0
                0x00000024                        _k_msgq_list_start = .
 *(SORT_BY_NAME(SORT_BY_ALIGNMENT(._k_msgq.static.*)))
                0x00000024                        _k_msgq_list_end = .

k_mbox_area     0x00000024        0x0
                0x00000024                        _k_mbox_list_start = .
 *(SORT_BY_NAME(SORT_BY_ALIGNMENT(._k_mbox.static.*)))
                0x00000024                        _k_mbox_list_end = .

k_pipe_area     0x00000024        0x0
                0x00000024                        _k_pipe_list_start = .
 *(SORT_BY_NAME(SORT_BY_ALIGNMENT(._k_pipe.static.*)))
                0x00000024                        _k_pipe_list_end = .

k_sem_area      0x00000024        0x0
                0x00000024                        _k_sem_list_start = .
 *(SORT_BY_NAME(SORT_BY_ALIGNMENT(._k_sem.static.*)))
                0x00000024                        _k_sem_list_end = .

k_event_area    0x00000024        0x0
                0x00000024                        _k_event_list_start = .
 *(SORT_BY_NAME(SORT_BY_ALIGNMENT(._k_event.static.*)))
                0x00000024                        _k_event_list_end = .

k_queue_area    0x00000024        0x0
                0x00000024                        _k_queue_list_start = .
 *(SORT_BY_NAME(SORT_BY_ALIGNMENT(._k_queue.static.*)))
                0x00000024                        _k_queue_list_end = .

k_fifo_area     0x00000024        0x0
                0x00000024                        _k_fifo_list_start = .
 *(SORT_BY_NAME(SORT_BY_ALIGNMENT(._k_fifo.static.*)))
                0x00000024                        _k_fifo_list_end = .

k_lifo_area     0x00000024        0x0
                0x00000024                        _k_lifo_list_start = .
 *(SORT_BY_NAME(SORT_BY_ALIGNMENT(._k_lifo.static.*)))
                0x00000024                        _k_lifo_list_end = .

k_condvar_area  0x00000024        0x0
                0x00000024                        _k_condvar_list_start = .
 *(SORT_BY_NAME(SORT_BY_ALIGNMENT(._k_condvar.static.*)))
                0x00000024                        _k_condvar_list_end = .

sys_mem_blocks_ptr_area
                0x00000024        0x0
                0x00000024                        _sys_mem_blocks_ptr_list_start = .
 *(SORT_BY_NAME(SORT_BY_ALIGNMENT(._sys_mem_blocks_ptr.static.*)))
                0x00000024                        _sys_mem_blocks_ptr_list_end = .

net_buf_pool_area
                0x00000024        0x0
                0x00000024                        _net_buf_pool_list_start = .
 *(SORT_BY_NAME(SORT_BY_ALIGNMENT(._net_buf_pool.static.*)))
                0x00000024                        _net_buf_pool_list_end = .

native_pre_tasks
                0x00000024        0x4
                0x00000024                        __native_tasks_start = .
                0x00000024                        __native_PRE_BOOT_1_tasks_start = .
 *(SORT_BY_NAME(SORT_BY_ALIGNMENT(.native_PRE_BOOT_1[0-9]_task)))
 .native_PRE_BOOT_10_task
                0x00000024        0x4 zephyr/boards/native/native_sim/libboards__native__native_sim.a(misc.c.obj)
 *(SORT_BY_NAME(SORT_BY_ALIGNMENT(.native_PRE_BOOT_1[1-9][0-9]_task)))
 *(SORT_BY_NAME(SORT_BY_ALIGNMENT(.native_PRE_BOOT_1[1-9][0-9][0-9]_task)))
                0x00000028                        __native_PRE_BOOT_2_tasks_start = .
 *(SORT_BY_NAME(SORT_BY_ALIGNMENT(.native_PRE_BOOT_2[0-9]_task)))
 *(SORT_BY_NAME(SORT_BY_ALIGNMENT(.native_PRE_BOOT_2[1-9][0-9]_task)))
 *(SORT_BY_NAME(SORT_BY_ALIGNMENT(.native_PRE_BOOT_2[1-9][0-9][0-9]_task)))
                0x00000028                        __native_PRE_BOOT_3_tasks_start = .
 *(SORT_BY_NAME(SORT_BY_ALIGNMENT(.native_PRE_BOOT_3[0-9]_task)))
 *(SORT_BY_NAME(SORT_BY_ALIGNMENT(.native_PRE_BOOT_3[1-9][0-9]_task)))
 *(SORT_BY_NAME(SORT_BY_ALIGNMENT(.native_PRE_BOOT_3[1-9][0-9][0-9]_task)))
                0x00000028                        __native_FIRST_SLEEP_tasks_start = .
 *(SORT_BY_NAME(SORT_BY_ALIGNMENT(.native_FIRST_SLEEP[0-9]_task)))
 *(SORT_BY_NAME(SORT_BY_ALIGNMENT(.native_FIRST_SLEEP[1-9][0-9]_task)))
 *(SORT_BY_NAME(SORT_BY_ALIGNMENT(.native_FIRST_SLEEP[1-9][0-9][0-9]_task)))
                0x00000028                        __native_ON_EXIT_tasks_start = .
 *(SORT_BY_NAME(SORT_BY_ALIGNMENT(.native_ON_EXIT[0-9]_task)))
 *(SORT_BY_NAME(SORT_BY_ALIGNMENT(.native_ON_EXIT[1-9][0-9]_task)))
 *(SORT_BY_NAME(SORT_BY_ALIGNMENT(.native_ON_EXIT[1-9][0-9][0-9]_task)))
                0x00000028                        __native_tasks_end = .
                0x00000028                        __data_region_end = .

noinit

.data1
 *(SORT_BY_ALIGNMENT(.data1))

.bss
 *(SORT_BY_ALIGNMENT(.bss))

.bss.prev_Q     0x00000000        0x8
 .bss.prev_Q    0x00000000        0x8 app/libapp.a(dsp.c.obj)

.bss.prev_I     0x00000000        0x8
 .bss.prev_I    0x00000000        0x8 app/libapp.a(dsp.c.obj)

.bss.lo_index   0x00000000        0x4
 .bss.lo_index  0x00000000        0x4 app/libapp.a(dsp.c.obj)

.bss.head       0x00000000        0x4
 .bss.head      0x00000000        0x4 app/libapp.a(dsp.c.obj)

.bss.history_buffer_Q
                0x00000000    0x20000
 .bss.history_buffer_Q
                0x00000000    0x20000 app/libapp.a(dsp.c.obj)

.bss.history_buffer_I
                0x00000000    0x20000
 .bss.history_buffer_I
                0x00000000    0x20000 app/libapp.a(dsp.c.obj)

.bss.lo_table_Q
                0x00000000    0x10000
 .bss.lo_table_Q
                0x00000000    0x10000 app/libapp.a(dsp.c.obj)

.bss.lo_table_I
                0x00000000    0x10000
 .bss.lo_table_I
                0x00000000    0x10000 app/libapp.a(dsp.c.obj)

.bss.fir_coef   0x00000000    0x40000
 .bss.fir_coef  0x00000000    0x40000 app/libapp.a(dsp.c.obj)

.bss.te_state   0x00000000        0x4
 .bss.te_state  0x00000000        0x4 zephyr/arch/arch/posix/core/libarch__posix__core.a(posix_core_nsi.c.obj)

.bss.nce_st     0x00000000        0x4
 .bss.nce_st    0x00000000        0x4 zephyr/soc/soc/native/libsoc__native__inf_clock.a(soc.c.obj)

.bss.may_swap.0
                0x00000000        0x4
 .bss.may_swap.0
                0x00000000        0x4 zephyr/boards/native/native_sim/libboards__native__native_sim.a(irq_handler.c.obj)

.bss.irq_vector_table
                0x00000000      0x200
 .bss.irq_vector_table
                0x00000000      0x200 zephyr/boards/native/native_sim/libboards__native__native_sim.a(irq_handler.c.obj)

.bss.n_pend     0x00000000        0x4
 .bss.n_pend    0x00000000        0x4 zephyr/drivers/console/libdrivers__console.a(posix_arch_console.c.obj)

.bss.stdout_buff
                0x00000000      0x100
 .bss.stdout_buff
                0x00000000      0x100 zephyr/drivers/console/libdrivers__console.a(posix_arch_console.c.obj)

.bss.last_tick_time
                0x00000000        0x8
 .bss.last_tick_time
                0x00000000        0x8 zephyr/drivers/timer/libdrivers__timer.a(native_posix_timer.c.obj)

.bss.tick_period
                0x00000000        0x8
 .bss.tick_period
                0x00000000        0x8 zephyr/drivers/timer/libdrivers__timer.a(native_posix_timer.c.obj)

.bss.z_sys_post_kernel
                0x00000000        0x1
 .bss.z_sys_post_kernel
                0x00000000        0x1 zephyr/kernel/libkernel.a(init.c.obj)
                0x00000000                z_sys_post_kernel

.noinit."WEST_TOPDIR/zephyr/kernel/init.c".2
                0x00000000      0x800
 .noinit."WEST_TOPDIR/zephyr/kernel/init.c".2
                0x00000000      0x800 zephyr/kernel/libkernel.a(init.c.obj)
                0x00000000                z_interrupt_stacks

.noinit."WEST_TOPDIR/zephyr/kernel/init.c".1
                0x00000000      0x100
 .noinit."WEST_TOPDIR/zephyr/kernel/init.c".1
                0x00000000      0x100 zephyr/kernel/libkernel.a(init.c.obj)

.bss.z_idle_threads
                0x00000000       0x50
 .bss.z_idle_threads
                0x00000000       0x50 zephyr/kernel/libkernel.a(init.c.obj)
                0x00000000                z_idle_threads

.bss.z_main_thread
                0x00000000       0x50
 .bss.z_main_thread
                0x00000000       0x50 zephyr/kernel/libkernel.a(init.c.obj)
                0x00000000                z_main_thread

.noinit."WEST_TOPDIR/zephyr/kernel/init.c".0
                0x00000000     0x2000
 .noinit."WEST_TOPDIR/zephyr/kernel/init.c".0
                0x00000000     0x2000 zephyr/kernel/libkernel.a(init.c.obj)
                0x00000000                z_main_stack

.bss._kernel    0x00000000       0x20
 .bss._kernel   0x00000000       0x20 zephyr/kernel/libkernel.a(init.c.obj)
                0x00000000                _kernel

.bss._thread_dummy
                0x00000000       0x50
 .bss._thread_dummy
                0x00000000       0x50 zephyr/kernel/libkernel.a(sched.c.obj)
                0x00000000                _thread_dummy

.bss._sched_spinlock
                0x00000000        0x0
 .bss._sched_spinlock
                0x00000000        0x0 zephyr/kernel/libkernel.a(sched.c.obj)
                0x00000000                _sched_spinlock

.bss.slice_expired
                0x00000000        0x1
 .bss.slice_expired
                0x00000000        0x1 zephyr/kernel/libkernel.a(timeslicing.c.obj)

.bss.slice_timeouts
                0x00000000       0x14
 .bss.slice_timeouts
                0x00000000       0x14 zephyr/kernel/libkernel.a(timeslicing.c.obj)

.bss.slice_max_prio
                0x00000000        0x4
 .bss.slice_max_prio
                0x00000000        0x4 zephyr/kernel/libkernel.a(timeslicing.c.obj)

.bss.slice_ticks
                0x00000000        0x4
 .bss.slice_ticks
                0x00000000        0x4 zephyr/kernel/libkernel.a(timeslicing.c.obj)

.bss.announce_remaining
                0x00000000        0x4
 .bss.announce_remaining
                0x00000000        0x4 zephyr/kernel/libkernel.a(timeout.c.obj)

.bss.curr_tick  0x00000000        0x8
 .bss.curr_tick
                0x00000000        0x8 zephyr/kernel/libkernel.a(timeout.c.obj)

.stab
 *(SORT_BY_ALIGNMENT(.stab))

.stabstr
 *(SORT_BY_ALIGNMENT(.stabstr))

.stab.excl
 *(SORT_BY_ALIGNMENT(.stab.excl))

.stab.exclstr
 *(SORT_BY_ALIGNMENT(.stab.exclstr))

.stab.index
 *(SORT_BY_ALIGNMENT(.stab.index))

.stab.indexstr
 *(SORT_BY_ALIGNMENT(.stab.indexstr))

.comment        0x00000000      0x5ee
 *(SORT_BY_ALIGNMENT(.comment))
 .comment       0x00000000       0x2e zephyr/CMakeFiles/offsets.dir/./arch/posix/core/offsets/offsets.c.obj
 .comment       0x0000002e       0x2e app/libapp.a(dsp.c.obj)
 .comment       0x0000005c       0x2e app/libapp.a(test_filter.c.obj)
 .comment       0x0000008a       0x2e zephyr/libzephyr.a(printk.c.obj)
 .comment       0x000000b8       0x2e zephyr/libzephyr.a(thread_entry.c.obj)
 .comment       0x000000e6       0x2e zephyr/libzephyr.a(cbprintf_complete.c.obj)
 .comment       0x00000114       0x2e zephyr/libzephyr.a(assert.c.obj)
 .comment       0x00000142       0x2e zephyr/libzephyr.a(configs.c.obj)
 .comment       0x00000170       0x2e zephyr/libzephyr.a(tracing_none.c.obj)
 .comment       0x0000019e       0x2e zephyr/arch/arch/posix/core/libarch__posix__core.a(cpuhalt.c.obj)
 .comment       0x000001cc       0x2e zephyr/arch/arch/posix/core/libarch__posix__core.a(fatal.c.obj)
 .comment       0x000001fa       0x2e zephyr/arch/arch/posix/core/libarch__posix__core.a(irq.c.obj)
 .comment       0x00000228       0x2e zephyr/arch/arch/posix/core/libarch__posix__core.a(swap.c.obj)
 .comment       0x00000256       0x2e zephyr/arch/arch/posix/core/libarch__posix__core.a(thread.c.obj)
 .comment       0x00000284       0x2e zephyr/arch/arch/posix/core/libarch__posix__core.a(posix_core_nsi.c.obj)
 .comment       0x000002b2       0x2e zephyr/soc/soc/native/libsoc__native__inf_clock.a(soc.c.obj)
 .comment       0x000002e0       0x2e zephyr/soc/soc/native/libsoc__native__inf_clock.a(native_tasks.c.obj)
 .comment       0x0000030e       0x2e zephyr/boards/native/native_sim/libboards__native__native_sim.a(nsi_if.c.obj)
 .comment       0x0000033c       0x2e zephyr/boards/native/native_sim/libboards__native__native_sim.a(irq_handler.c.obj)
 .comment       0x0000036a       0x2e zephyr/boards/native/native_sim/libboards__native__native_sim.a(misc.c.obj)
 .comment       0x00000398       0x2e zephyr/boards/native/native_sim/libboards__native__native_sim.a(posix_arch_if.c.obj)
 .comment       0x000003c6       0x2e zephyr/drivers/console/libdrivers__console.a(posix_arch_console.c.obj)
 .comment       0x000003f4       0x2e zephyr/drivers/timer/libdrivers__timer.a(native_posix_timer.c.obj)
 .comment       0x00000422       0x2e zephyr/kernel/libkernel.a(fatal.c.obj)
 .comment       0x00000450       0x2e zephyr/kernel/libkernel.a(init.c.obj)
 .comment       0x0000047e       0x2e zephyr/kernel/libkernel.a(init_static.c.obj)
 .comment       0x000004ac       0x2e zephyr/kernel/libkernel.a(idle.c.obj)
 .comment       0x000004da       0x2e zephyr/kernel/libkernel.a(thread.c.obj)
 .comment       0x00000508       0x2e zephyr/kernel/libkernel.a(sched.c.obj)
 .comment       0x00000536       0x2e zephyr/kernel/libkernel.a(timeslicing.c.obj)
 .comment       0x00000564       0x2e zephyr/kernel/libkernel.a(timeout.c.obj)
 .comment       0x00000592       0x2e zephyr/kernel/libkernel.a(banner.c.obj)
 .comment       0x000005c0       0x2e zephyr/kernel/libkernel.a(device.c.obj)

.note.GNU-stack
                0x00000000        0x0
 .note.GNU-stack
                0x00000000        0x0 zephyr/CMakeFiles/offsets.dir/./arch/posix/core/offsets/offsets.c.obj
 .note.GNU-stack
                0x00000000        0x0 app/libapp.a(dsp.c.obj)
 .note.GNU-stack
                0x00000000        0x0 app/libapp.a(test_filter.c.obj)
 .note.GNU-stack
                0x00000000        0x0 zephyr/libzephyr.a(printk.c.obj)
 .note.GNU-stack
                0x00000000        0x0 zephyr/libzephyr.a(thread_entry.c.obj)
 .note.GNU-stack
                0x00000000        0x0 zephyr/libzephyr.a(cbprintf_complete.c.obj)
 .note.GNU-stack
                0x00000000        0x0 zephyr/libzephyr.a(assert.c.obj)
 .note.GNU-stack
                0x00000000        0x0 zephyr/libzephyr.a(configs.c.obj)
 .note.GNU-stack
                0x00000000        0x0 zephyr/libzephyr.a(tracing_none.c.obj)
 .note.GNU-stack
                0x00000000        0x0 zephyr/arch/arch/posix/core/libarch__posix__core.a(cpuhalt.c.obj)
 .note.GNU-stack
                0x00000000        0x0 zephyr/arch/arch/posix/core/libarch__posix__core.a(fatal.c.obj)
 .note.GNU-stack
                0x00000000        0x0 zephyr/arch/arch/posix/core/libarch__posix__core.a(irq.c.obj)
 .note.GNU-stack
                0x00000000        0x0 zephyr/arch/arch/posix/core/libarch__posix__core.a(swap.c.obj)
 .note.GNU-stack
                0x00000000        0x0 zephyr/arch/arch/posix/core/libarch__posix__core.a(thread.c.obj)
 .note.GNU-stack
                0x00000000        0x0 zephyr/arch/arch/posix/core/libarch__posix__core.a(posix_core_nsi.c.obj)
 .note.GNU-stack
                0x00000000        0x0 zephyr/soc/soc/native/libsoc__native__inf_clock.a(soc.c.obj)
 .note.GNU-stack
                0x00000000        0x0 zephyr/soc/soc/native/libsoc__native__inf_clock.a(native_tasks.c.obj)
 .note.GNU-stack
                0x00000000        0x0 zephyr/boards/native/native_sim/libboards__native__native_sim.a(nsi_if.c.obj)
 .note.GNU-stack
                0x00000000        0x0 zephyr/boards/native/native_sim/libboards__native__native_sim.a(irq_handler.c.obj)
 .note.GNU-stack
                0x00000000        0x0 zephyr/boards/native/native_sim/libboards__native__native_sim.a(misc.c.obj)
 .note.GNU-stack
                0x00000000        0x0 zephyr/boards/native/native_sim/libboards__native__native_sim.a(posix_arch_if.c.obj)
 .note.GNU-stack
                0x00000000        0x0 zephyr/drivers/console/libdrivers__console.a(posix_arch_console.c.obj)
 .note.GNU-stack
                0x00000000        0x0 zephyr/drivers/timer/libdrivers__timer.a(native_posix_timer.c.obj)
 .note.GNU-stack
                0x00000000        0x0 zephyr/kernel/libkernel.a(fatal.c.obj)
 .note.GNU-stack
                0x00000000        0x0 zephyr/kernel/libkernel.a(init.c.obj)
 .note.GNU-stack
                0x00000000        0x0 zephyr/kernel/libkernel.a(init_static.c.obj)
 .note.GNU-stack
                0x00000000        0x0 zephyr/kernel/libkernel.a(idle.c.obj)
 .note.GNU-stack
                0x00000000        0x0 zephyr/kernel/libkernel.a(thread.c.obj)
 .note.GNU-stack
                0x00000000        0x0 zephyr/kernel/libkernel.a(sched.c.obj)
 .note.GNU-stack
                0x00000000        0x0 zephyr/kernel/libkernel.a(timeslicing.c.obj)
 .note.GNU-stack
                0x00000000        0x0 zephyr/kernel/libkernel.a(timeout.c.obj)
 .note.GNU-stack
                0x00000000        0x0 zephyr/kernel/libkernel.a(banner.c.obj)
 .note.GNU-stack
                0x00000000        0x0 zephyr/kernel/libkernel.a(device.c.obj)

.gnu.build.attributes
 *(SORT_BY_ALIGNMENT(.gnu.build.attributes))

.debug
 *(SORT_BY_ALIGNMENT(.debug))

.line
 *(SORT_BY_ALIGNMENT(.line))

.debug_srcinfo
 *(SORT_BY_ALIGNMENT(.debug_srcinfo))

.debug_sfnames
 *(SORT_BY_ALIGNMENT(.debug_sfnames))

.debug_aranges  0x00000000      0x940
 *(SORT_BY_ALIGNMENT(.debug_aranges))
 .debug_aranges
                0x00000000       0x20 zephyr/CMakeFiles/offsets.dir/./arch/posix/core/offsets/offsets.c.obj
 .debug_aranges
                0x00000020       0x28 app/libapp.a(dsp.c.obj)
 .debug_aranges
                0x00000048       0x20 app/libapp.a(test_filter.c.obj)
 .debug_aranges
                0x00000068       0x68 zephyr/libzephyr.a(printk.c.obj)
 .debug_aranges
                0x000000d0       0x20 zephyr/libzephyr.a(thread_entry.c.obj)
 .debug_aranges
                0x000000f0       0x48 zephyr/libzephyr.a(cbprintf_complete.c.obj)
 .debug_aranges
                0x00000138       0x28 zephyr/libzephyr.a(assert.c.obj)
 .debug_aranges
                0x00000160       0x20 zephyr/libzephyr.a(configs.c.obj)
 .debug_aranges
                0x00000180       0x38 zephyr/libzephyr.a(tracing_none.c.obj)
 .debug_aranges
                0x000001b8       0x28 zephyr/arch/arch/posix/core/libarch__posix__core.a(cpuhalt.c.obj)
 .debug_aranges
                0x000001e0       0x20 zephyr/arch/arch/posix/core/libarch__posix__core.a(fatal.c.obj)
 .debug_aranges
                0x00000200       0x30 zephyr/arch/arch/posix/core/libarch__posix__core.a(irq.c.obj)
 .debug_aranges
                0x00000230       0x28 zephyr/arch/arch/posix/core/libarch__posix__core.a(swap.c.obj)
 .debug_aranges
                0x00000258       0x30 zephyr/arch/arch/posix/core/libarch__posix__core.a(thread.c.obj)
 .debug_aranges
                0x00000288       0x50 zephyr/arch/arch/posix/core/libarch__posix__core.a(posix_core_nsi.c.obj)
 .debug_aranges
                0x000002d8       0x50 zephyr/soc/soc/native/libsoc__native__inf_clock.a(soc.c.obj)
 .debug_aranges
                0x00000328       0x20 zephyr/soc/soc/native/libsoc__native__inf_clock.a(native_tasks.c.obj)
 .debug_aranges
                0x00000348       0x40 zephyr/boards/native/native_sim/libboards__native__native_sim.a(nsi_if.c.obj)
 .debug_aranges
                0x00000388       0x80 zephyr/boards/native/native_sim/libboards__native__native_sim.a(irq_handler.c.obj)
 .debug_aranges
                0x00000408       0x20 zephyr/boards/native/native_sim/libboards__native__native_sim.a(misc.c.obj)
 .debug_aranges
                0x00000428       0x60 zephyr/boards/native/native_sim/libboards__native__native_sim.a(posix_arch_if.c.obj)
 .debug_aranges
                0x00000488       0x30 zephyr/drivers/console/libdrivers__console.a(posix_arch_console.c.obj)
 .debug_aranges
                0x000004b8       0x58 zephyr/drivers/timer/libdrivers__timer.a(native_posix_timer.c.obj)
 .debug_aranges
                0x00000510       0x38 zephyr/kernel/libkernel.a(fatal.c.obj)
 .debug_aranges
                0x00000548       0x68 zephyr/kernel/libkernel.a(init.c.obj)
 .debug_aranges
                0x000005b0       0x30 zephyr/kernel/libkernel.a(init_static.c.obj)
 .debug_aranges
                0x000005e0       0x28 zephyr/kernel/libkernel.a(idle.c.obj)
 .debug_aranges
                0x00000608       0x88 zephyr/kernel/libkernel.a(thread.c.obj)
 .debug_aranges
                0x00000690      0x188 zephyr/kernel/libkernel.a(sched.c.obj)
 .debug_aranges
                0x00000818       0x40 zephyr/kernel/libkernel.a(timeslicing.c.obj)
 .debug_aranges
                0x00000858       0x90 zephyr/kernel/libkernel.a(timeout.c.obj)
 .debug_aranges
                0x000008e8       0x20 zephyr/kernel/libkernel.a(banner.c.obj)
 .debug_aranges
                0x00000908       0x38 zephyr/kernel/libkernel.a(device.c.obj)

.debug_pubnames
 *(SORT_BY_ALIGNMENT(.debug_pubnames))

.debug_info     0x00000000    0x11319
 *(SORT_BY_ALIGNMENT(.debug_info))
 .debug_info    0x00000000       0xe3 zephyr/CMakeFiles/offsets.dir/./arch/posix/core/offsets/offsets.c.obj
 .debug_info    0x000000e3      0x4e5 app/libapp.a(dsp.c.obj)
 .debug_info    0x000005c8      0x660 app/libapp.a(test_filter.c.obj)
 .debug_info    0x00000c28      0x68c zephyr/libzephyr.a(printk.c.obj)
 .debug_info    0x000012b4      0x5c3 zephyr/libzephyr.a(thread_entry.c.obj)
 .debug_info    0x00001877     0x1537 zephyr/libzephyr.a(cbprintf_complete.c.obj)
 .debug_info    0x00002dae      0x1e8 zephyr/libzephyr.a(assert.c.obj)
 .debug_info    0x00002f96       0x3f zephyr/libzephyr.a(configs.c.obj)
 .debug_info    0x00002fd5       0x56 zephyr/libzephyr.a(tracing_none.c.obj)
 .debug_info    0x0000302b      0x11e zephyr/arch/arch/posix/core/libarch__posix__core.a(cpuhalt.c.obj)
 .debug_info    0x00003149       0xda zephyr/arch/arch/posix/core/libarch__posix__core.a(fatal.c.obj)
 .debug_info    0x00003223      0x16a zephyr/arch/arch/posix/core/libarch__posix__core.a(irq.c.obj)
 .debug_info    0x0000338d      0x700 zephyr/arch/arch/posix/core/libarch__posix__core.a(swap.c.obj)
 .debug_info    0x00003a8d      0x863 zephyr/arch/arch/posix/core/libarch__posix__core.a(thread.c.obj)
 .debug_info    0x000042f0      0x261 zephyr/arch/arch/posix/core/libarch__posix__core.a(posix_core_nsi.c.obj)
 .debug_info    0x00004551      0x348 zephyr/soc/soc/native/libsoc__native__inf_clock.a(soc.c.obj)
 .debug_info    0x00004899       0xf0 zephyr/soc/soc/native/libsoc__native__inf_clock.a(native_tasks.c.obj)
 .debug_info    0x00004989      0x164 zephyr/boards/native/native_sim/libboards__native__native_sim.a(nsi_if.c.obj)
 .debug_info    0x00004aed      0xcae zephyr/boards/native/native_sim/libboards__native__native_sim.a(irq_handler.c.obj)
 .debug_info    0x0000579b       0xcc zephyr/boards/native/native_sim/libboards__native__native_sim.a(misc.c.obj)
 .debug_info    0x00005867      0x399 zephyr/boards/native/native_sim/libboards__native__native_sim.a(posix_arch_if.c.obj)
 .debug_info    0x00005c00      0x273 zephyr/drivers/console/libdrivers__console.a(posix_arch_console.c.obj)
 .debug_info    0x00005e73      0x602 zephyr/drivers/timer/libdrivers__timer.a(native_posix_timer.c.obj)
 .debug_info    0x00006475      0x8f8 zephyr/kernel/libkernel.a(fatal.c.obj)
 .debug_info    0x00006d6d     0x1487 zephyr/kernel/libkernel.a(init.c.obj)
 .debug_info    0x000081f4      0x10d zephyr/kernel/libkernel.a(init_static.c.obj)
 .debug_info    0x00008301      0x24f zephyr/kernel/libkernel.a(idle.c.obj)
 .debug_info    0x00008550     0x1395 zephyr/kernel/libkernel.a(thread.c.obj)
 .debug_info    0x000098e5     0x539b zephyr/kernel/libkernel.a(sched.c.obj)
 .debug_info    0x0000ec80      0xcb2 zephyr/kernel/libkernel.a(timeslicing.c.obj)
 .debug_info    0x0000f932     0x160f zephyr/kernel/libkernel.a(timeout.c.obj)
 .debug_info    0x00010f41       0xc2 zephyr/kernel/libkernel.a(banner.c.obj)
 .debug_info    0x00011003      0x316 zephyr/kernel/libkernel.a(device.c.obj)

.debug_abbrev   0x00000000     0x4835
 *(SORT_BY_ALIGNMENT(.debug_abbrev))
 .debug_abbrev  0x00000000       0x62 zephyr/CMakeFiles/offsets.dir/./arch/posix/core/offsets/offsets.c.obj
 .debug_abbrev  0x00000062      0x1ae app/libapp.a(dsp.c.obj)
 .debug_abbrev  0x00000210      0x22d app/libapp.a(test_filter.c.obj)
 .debug_abbrev  0x0000043d      0x380 zephyr/libzephyr.a(printk.c.obj)
 .debug_abbrev  0x000007bd      0x248 zephyr/libzephyr.a(thread_entry.c.obj)
 .debug_abbrev  0x00000a05      0x450 zephyr/libzephyr.a(cbprintf_complete.c.obj)
 .debug_abbrev  0x00000e55      0x13d zephyr/libzephyr.a(assert.c.obj)
 .debug_abbrev  0x00000f92       0x39 zephyr/libzephyr.a(configs.c.obj)
 .debug_abbrev  0x00000fcb       0x48 zephyr/libzephyr.a(tracing_none.c.obj)
 .debug_abbrev  0x00001013       0xcf zephyr/arch/arch/posix/core/libarch__posix__core.a(cpuhalt.c.obj)
 .debug_abbrev  0x000010e2       0x94 zephyr/arch/arch/posix/core/libarch__posix__core.a(fatal.c.obj)
 .debug_abbrev  0x00001176       0xdc zephyr/arch/arch/posix/core/libarch__posix__core.a(irq.c.obj)
 .debug_abbrev  0x00001252      0x24b zephyr/arch/arch/posix/core/libarch__posix__core.a(swap.c.obj)
 .debug_abbrev  0x0000149d      0x290 zephyr/arch/arch/posix/core/libarch__posix__core.a(thread.c.obj)
 .debug_abbrev  0x0000172d      0x10e zephyr/arch/arch/posix/core/libarch__posix__core.a(posix_core_nsi.c.obj)
 .debug_abbrev  0x0000183b      0x155 zephyr/soc/soc/native/libsoc__native__inf_clock.a(soc.c.obj)
 .debug_abbrev  0x00001990       0xb6 zephyr/soc/soc/native/libsoc__native__inf_clock.a(native_tasks.c.obj)
 .debug_abbrev  0x00001a46       0xc6 zephyr/boards/native/native_sim/libboards__native__native_sim.a(nsi_if.c.obj)
 .debug_abbrev  0x00001b0c      0x3bf zephyr/boards/native/native_sim/libboards__native__native_sim.a(irq_handler.c.obj)
 .debug_abbrev  0x00001ecb       0x96 zephyr/boards/native/native_sim/libboards__native__native_sim.a(misc.c.obj)
 .debug_abbrev  0x00001f61      0x16d zephyr/boards/native/native_sim/libboards__native__native_sim.a(posix_arch_if.c.obj)
 .debug_abbrev  0x000020ce      0x1cd zephyr/drivers/console/libdrivers__console.a(posix_arch_console.c.obj)
 .debug_abbrev  0x0000229b      0x2d9 zephyr/drivers/timer/libdrivers__timer.a(native_posix_timer.c.obj)
 .debug_abbrev  0x00002574      0x325 zephyr/kernel/libkernel.a(fatal.c.obj)
 .debug_abbrev  0x00002899      0x6ca zephyr/kernel/libkernel.a(init.c.obj)
 .debug_abbrev  0x00002f63       0xc9 zephyr/kernel/libkernel.a(init_static.c.obj)
 .debug_abbrev  0x0000302c      0x17c zephyr/kernel/libkernel.a(idle.c.obj)
 .debug_abbrev  0x000031a8      0x501 zephyr/kernel/libkernel.a(thread.c.obj)
 .debug_abbrev  0x000036a9      0x6a5 zephyr/kernel/libkernel.a(sched.c.obj)
 .debug_abbrev  0x00003d4e      0x3d6 zephyr/kernel/libkernel.a(timeslicing.c.obj)
 .debug_abbrev  0x00004124      0x4f4 zephyr/kernel/libkernel.a(timeout.c.obj)
 .debug_abbrev  0x00004618       0x80 zephyr/kernel/libkernel.a(banner.c.obj)
 .debug_abbrev  0x00004698      0x19d zephyr/kernel/libkernel.a(device.c.obj)

.debug_line     0x00000000     0xa0eb
 *(SORT_BY_ALIGNMENT(.debug_line))
 .debug_line    0x00000000       0xf3 zephyr/CMakeFiles/offsets.dir/./arch/posix/core/offsets/offsets.c.obj
 .debug_line    0x000000f3      0x3ce app/libapp.a(dsp.c.obj)
 .debug_line    0x000004c1      0x2f0 app/libapp.a(test_filter.c.obj)
 .debug_line    0x000007b1      0x3bf zephyr/libzephyr.a(printk.c.obj)
 .debug_line    0x00000b70      0x2d1 zephyr/libzephyr.a(thread_entry.c.obj)
 .debug_line    0x00000e41     0x13ae zephyr/libzephyr.a(cbprintf_complete.c.obj)
 .debug_line    0x000021ef      0x1c7 zephyr/libzephyr.a(assert.c.obj)
 .debug_line    0x000023b6      0x14d zephyr/libzephyr.a(configs.c.obj)
 .debug_line    0x00002503       0x9a zephyr/libzephyr.a(tracing_none.c.obj)
 .debug_line    0x0000259d      0x117 zephyr/arch/arch/posix/core/libarch__posix__core.a(cpuhalt.c.obj)
 .debug_line    0x000026b4       0xb5 zephyr/arch/arch/posix/core/libarch__posix__core.a(fatal.c.obj)
 .debug_line    0x00002769       0xcf zephyr/arch/arch/posix/core/libarch__posix__core.a(irq.c.obj)
 .debug_line    0x00002838      0x328 zephyr/arch/arch/posix/core/libarch__posix__core.a(swap.c.obj)
 .debug_line    0x00002b60      0x3ee zephyr/arch/arch/posix/core/libarch__posix__core.a(thread.c.obj)
 .debug_line    0x00002f4e      0x188 zephyr/arch/arch/posix/core/libarch__posix__core.a(posix_core_nsi.c.obj)
 .debug_line    0x000030d6      0x315 zephyr/soc/soc/native/libsoc__native__inf_clock.a(soc.c.obj)
 .debug_line    0x000033eb       0xa8 zephyr/soc/soc/native/libsoc__native__inf_clock.a(native_tasks.c.obj)
 .debug_line    0x00003493      0x10a zephyr/boards/native/native_sim/libboards__native__native_sim.a(nsi_if.c.obj)
 .debug_line    0x0000359d      0x60e zephyr/boards/native/native_sim/libboards__native__native_sim.a(irq_handler.c.obj)
 .debug_line    0x00003bab       0xcc zephyr/boards/native/native_sim/libboards__native__native_sim.a(misc.c.obj)
 .debug_line    0x00003c77      0x245 zephyr/boards/native/native_sim/libboards__native__native_sim.a(posix_arch_if.c.obj)
 .debug_line    0x00003ebc      0x195 zephyr/drivers/console/libdrivers__console.a(posix_arch_console.c.obj)
 .debug_line    0x00004051      0x4c5 zephyr/drivers/timer/libdrivers__timer.a(native_posix_timer.c.obj)
 .debug_line    0x00004516      0x422 zephyr/kernel/libkernel.a(fatal.c.obj)
 .debug_line    0x00004938      0x938 zephyr/kernel/libkernel.a(init.c.obj)
 .debug_line    0x00005270       0xd8 zephyr/kernel/libkernel.a(init_static.c.obj)
 .debug_line    0x00005348      0x1ea zephyr/kernel/libkernel.a(idle.c.obj)
 .debug_line    0x00005532      0x9a3 zephyr/kernel/libkernel.a(thread.c.obj)
 .debug_line    0x00005ed5     0x2bfc zephyr/kernel/libkernel.a(sched.c.obj)
 .debug_line    0x00008ad1      0x55c zephyr/kernel/libkernel.a(timeslicing.c.obj)
 .debug_line    0x0000902d      0xd74 zephyr/kernel/libkernel.a(timeout.c.obj)
 .debug_line    0x00009da1       0xa0 zephyr/kernel/libkernel.a(banner.c.obj)
 .debug_line    0x00009e41      0x2aa zephyr/kernel/libkernel.a(device.c.obj)

.debug_frame    0x00000000     0x1b90
 *(SORT_BY_ALIGNMENT(.debug_frame))
 .debug_frame   0x00000000       0x24 zephyr/CMakeFiles/offsets.dir/./arch/posix/core/offsets/offsets.c.obj
 .debug_frame   0x00000024       0x6c app/libapp.a(dsp.c.obj)
 .debug_frame   0x00000090       0x44 app/libapp.a(test_filter.c.obj)
 .debug_frame   0x000000d4      0x138 zephyr/libzephyr.a(printk.c.obj)
 .debug_frame   0x0000020c       0x2c zephyr/libzephyr.a(thread_entry.c.obj)
 .debug_frame   0x00000238      0x114 zephyr/libzephyr.a(cbprintf_complete.c.obj)
 .debug_frame   0x0000034c       0x54 zephyr/libzephyr.a(assert.c.obj)
 .debug_frame   0x000003a0       0x24 zephyr/libzephyr.a(configs.c.obj)
 .debug_frame   0x000003c4       0x54 zephyr/libzephyr.a(tracing_none.c.obj)
 .debug_frame   0x00000418       0x58 zephyr/arch/arch/posix/core/libarch__posix__core.a(cpuhalt.c.obj)
 .debug_frame   0x00000470       0x2c zephyr/arch/arch/posix/core/libarch__posix__core.a(fatal.c.obj)
 .debug_frame   0x0000049c       0x44 zephyr/arch/arch/posix/core/libarch__posix__core.a(irq.c.obj)
 .debug_frame   0x000004e0       0x54 zephyr/arch/arch/posix/core/libarch__posix__core.a(swap.c.obj)
 .debug_frame   0x00000534       0x80 zephyr/arch/arch/posix/core/libarch__posix__core.a(thread.c.obj)
 .debug_frame   0x000005b4       0xf4 zephyr/arch/arch/posix/core/libarch__posix__core.a(posix_core_nsi.c.obj)
 .debug_frame   0x000006a8      0x100 zephyr/soc/soc/native/libsoc__native__inf_clock.a(soc.c.obj)
 .debug_frame   0x000007a8       0x3c zephyr/soc/soc/native/libsoc__native__inf_clock.a(native_tasks.c.obj)
 .debug_frame   0x000007e4       0xa4 zephyr/boards/native/native_sim/libboards__native__native_sim.a(nsi_if.c.obj)
 .debug_frame   0x00000888      0x164 zephyr/boards/native/native_sim/libboards__native__native_sim.a(irq_handler.c.obj)
 .debug_frame   0x000009ec       0x34 zephyr/boards/native/native_sim/libboards__native__native_sim.a(misc.c.obj)
 .debug_frame   0x00000a20       0xdc zephyr/boards/native/native_sim/libboards__native__native_sim.a(posix_arch_if.c.obj)
 .debug_frame   0x00000afc       0x78 zephyr/drivers/console/libdrivers__console.a(posix_arch_console.c.obj)
 .debug_frame   0x00000b74      0x100 zephyr/drivers/timer/libdrivers__timer.a(native_posix_timer.c.obj)
 .debug_frame   0x00000c74       0x88 zephyr/kernel/libkernel.a(fatal.c.obj)
 .debug_frame   0x00000cfc      0x184 zephyr/kernel/libkernel.a(init.c.obj)
 .debug_frame   0x00000e80       0x80 zephyr/kernel/libkernel.a(init_static.c.obj)
 .debug_frame   0x00000f00       0x3c zephyr/kernel/libkernel.a(idle.c.obj)
 .debug_frame   0x00000f3c      0x18c zephyr/kernel/libkernel.a(thread.c.obj)
 .debug_frame   0x000010c8      0x6fc zephyr/kernel/libkernel.a(sched.c.obj)
 .debug_frame   0x000017c4       0xd0 zephyr/kernel/libkernel.a(timeslicing.c.obj)
 .debug_frame   0x00001894      0x23c zephyr/kernel/libkernel.a(timeout.c.obj)
 .debug_frame   0x00001ad0       0x34 zephyr/kernel/libkernel.a(banner.c.obj)
 .debug_frame   0x00001b04       0x8c zephyr/kernel/libkernel.a(device.c.obj)

.debug_str      0x00000000     0xab34
 *(SORT_BY_ALIGNMENT(.debug_str))
 .debug_str     0x00000000      0x366 zephyr/CMakeFiles/offsets.dir/./arch/posix/core/offsets/offsets.c.obj
 .debug_str     0x00000366      0x385 app/libapp.a(dsp.c.obj)
 .debug_str     0x000006eb      0x503 app/libapp.a(test_filter.c.obj)
 .debug_str     0x00000bee      0x559 zephyr/libzephyr.a(printk.c.obj)
 .debug_str     0x00001147      0x533 zephyr/libzephyr.a(thread_entry.c.obj)
 .debug_str     0x0000167a      0x790 zephyr/libzephyr.a(cbprintf_complete.c.obj)
 .debug_str     0x00001e0a      0x35b zephyr/libzephyr.a(assert.c.obj)
 .debug_str     0x00002165      0x1ce zephyr/libzephyr.a(configs.c.obj)
 .debug_str     0x00002333      0x207 zephyr/libzephyr.a(tracing_none.c.obj)
 .debug_str     0x0000253a      0x2bf zephyr/arch/arch/posix/core/libarch__posix__core.a(cpuhalt.c.obj)
 .debug_str     0x000027f9      0x283 zephyr/arch/arch/posix/core/libarch__posix__core.a(fatal.c.obj)
 .debug_str     0x00002a7c      0x2bb zephyr/arch/arch/posix/core/libarch__posix__core.a(irq.c.obj)
 .debug_str     0x00002d37      0x5d1 zephyr/arch/arch/posix/core/libarch__posix__core.a(swap.c.obj)
 .debug_str     0x00003308      0x674 zephyr/arch/arch/posix/core/libarch__posix__core.a(thread.c.obj)
 .debug_str     0x0000397c      0x30e zephyr/arch/arch/posix/core/libarch__posix__core.a(posix_core_nsi.c.obj)
 .debug_str     0x00003c8a      0x562 zephyr/soc/soc/native/libsoc__native__inf_clock.a(soc.c.obj)
 .debug_str     0x000041ec      0x2a2 zephyr/soc/soc/native/libsoc__native__inf_clock.a(native_tasks.c.obj)
 .debug_str     0x0000448e      0x312 zephyr/boards/native/native_sim/libboards__native__native_sim.a(nsi_if.c.obj)
 .debug_str     0x000047a0      0xa31 zephyr/boards/native/native_sim/libboards__native__native_sim.a(irq_handler.c.obj)
 .debug_str     0x000051d1      0x295 zephyr/boards/native/native_sim/libboards__native__native_sim.a(misc.c.obj)
 .debug_str     0x00005466      0x3e4 zephyr/boards/native/native_sim/libboards__native__native_sim.a(posix_arch_if.c.obj)
 .debug_str     0x0000584a      0x318 zephyr/drivers/console/libdrivers__console.a(posix_arch_console.c.obj)
 .debug_str     0x00005b62      0x4df zephyr/drivers/timer/libdrivers__timer.a(native_posix_timer.c.obj)
 .debug_str     0x00006041      0x6b4 zephyr/kernel/libkernel.a(fatal.c.obj)
 .debug_str     0x000066f5      0xc0a zephyr/kernel/libkernel.a(init.c.obj)
 .debug_str     0x000072ff      0x255 zephyr/kernel/libkernel.a(init_static.c.obj)
 .debug_str     0x00007554      0x359 zephyr/kernel/libkernel.a(idle.c.obj)
 .debug_str     0x000078ad      0xa93 zephyr/kernel/libkernel.a(thread.c.obj)
 .debug_str     0x00008340     0x1157 zephyr/kernel/libkernel.a(sched.c.obj)
 .debug_str     0x00009497      0x90b zephyr/kernel/libkernel.a(timeslicing.c.obj)
 .debug_str     0x00009da2      0x7ee zephyr/kernel/libkernel.a(timeout.c.obj)
 .debug_str     0x0000a590      0x25b zephyr/kernel/libkernel.a(banner.c.obj)
 .debug_str     0x0000a7eb      0x349 zephyr/kernel/libkernel.a(device.c.obj)

.debug_loc      0x00000000     0x7c5b
 *(SORT_BY_ALIGNMENT(.debug_loc))
 .debug_loc     0x00000000      0x4aa app/libapp.a(dsp.c.obj)
 .debug_loc     0x000004aa      0x2ea app/libapp.a(test_filter.c.obj)
 .debug_loc     0x00000794      0x2c4 zephyr/libzephyr.a(printk.c.obj)
 .debug_loc     0x00000a58       0x15 zephyr/libzephyr.a(thread_entry.c.obj)
 .debug_loc     0x00000a6d     0x2000 zephyr/libzephyr.a(cbprintf_complete.c.obj)
 .debug_loc     0x00002a6d       0x50 zephyr/libzephyr.a(assert.c.obj)
 .debug_loc     0x00002abd       0x16 zephyr/arch/arch/posix/core/libarch__posix__core.a(cpuhalt.c.obj)
 .debug_loc     0x00002ad3       0x6b zephyr/arch/arch/posix/core/libarch__posix__core.a(swap.c.obj)
 .debug_loc     0x00002b3e      0x1a6 zephyr/arch/arch/posix/core/libarch__posix__core.a(thread.c.obj)
 .debug_loc     0x00002ce4       0x3a zephyr/arch/arch/posix/core/libarch__posix__core.a(posix_core_nsi.c.obj)
 .debug_loc     0x00002d1e       0x2c zephyr/soc/soc/native/libsoc__native__inf_clock.a(soc.c.obj)
 .debug_loc     0x00002d4a       0x15 zephyr/soc/soc/native/libsoc__native__inf_clock.a(native_tasks.c.obj)
 .debug_loc     0x00002d5f      0x196 zephyr/boards/native/native_sim/libboards__native__native_sim.a(irq_handler.c.obj)
 .debug_loc     0x00002ef5       0x6c zephyr/boards/native/native_sim/libboards__native__native_sim.a(posix_arch_if.c.obj)
 .debug_loc     0x00002f61       0x39 zephyr/drivers/console/libdrivers__console.a(posix_arch_console.c.obj)
 .debug_loc     0x00002f9a       0xa1 zephyr/drivers/timer/libdrivers__timer.a(native_posix_timer.c.obj)
 .debug_loc     0x0000303b       0xb7 zephyr/kernel/libkernel.a(fatal.c.obj)
 .debug_loc     0x000030f2      0x4bd zephyr/kernel/libkernel.a(init.c.obj)
 .debug_loc     0x000035af       0x2a zephyr/kernel/libkernel.a(init_static.c.obj)
 .debug_loc     0x000035d9       0x42 zephyr/kernel/libkernel.a(idle.c.obj)
 .debug_loc     0x0000361b      0x8ad zephyr/kernel/libkernel.a(thread.c.obj)
 .debug_loc     0x00003ec8     0x2fab zephyr/kernel/libkernel.a(sched.c.obj)
 .debug_loc     0x00006e73      0x26c zephyr/kernel/libkernel.a(timeslicing.c.obj)
 .debug_loc     0x000070df      0xb3d zephyr/kernel/libkernel.a(timeout.c.obj)
 .debug_loc     0x00007c1c       0x3f zephyr/kernel/libkernel.a(device.c.obj)

.debug_macinfo
 *(SORT_BY_ALIGNMENT(.debug_macinfo))

.debug_weaknames
 *(SORT_BY_ALIGNMENT(.debug_weaknames))

.debug_funcnames
 *(SORT_BY_ALIGNMENT(.debug_funcnames))

.debug_typenames
 *(SORT_BY_ALIGNMENT(.debug_typenames))

.debug_varnames
 *(SORT_BY_ALIGNMENT(.debug_varnames))

.debug_pubtypes
 *(SORT_BY_ALIGNMENT(.debug_pubtypes))

.debug_ranges   0x00000000     0x1b10
 *(SORT_BY_ALIGNMENT(.debug_ranges))
 .debug_ranges  0x00000000       0x10 zephyr/CMakeFiles/offsets.dir/./arch/posix/core/offsets/offsets.c.obj
 .debug_ranges  0x00000010       0x78 app/libapp.a(dsp.c.obj)
 .debug_ranges  0x00000088       0x48 app/libapp.a(test_filter.c.obj)
 .debug_ranges  0x000000d0       0x98 zephyr/libzephyr.a(printk.c.obj)
 .debug_ranges  0x00000168       0x10 zephyr/libzephyr.a(thread_entry.c.obj)
 .debug_ranges  0x00000178      0x1a8 zephyr/libzephyr.a(cbprintf_complete.c.obj)
 .debug_ranges  0x00000320       0x18 zephyr/libzephyr.a(assert.c.obj)
 .debug_ranges  0x00000338       0x10 zephyr/libzephyr.a(configs.c.obj)
 .debug_ranges  0x00000348       0x28 zephyr/libzephyr.a(tracing_none.c.obj)
 .debug_ranges  0x00000370       0x18 zephyr/arch/arch/posix/core/libarch__posix__core.a(cpuhalt.c.obj)
 .debug_ranges  0x00000388       0x10 zephyr/arch/arch/posix/core/libarch__posix__core.a(fatal.c.obj)
 .debug_ranges  0x00000398       0x20 zephyr/arch/arch/posix/core/libarch__posix__core.a(irq.c.obj)
 .debug_ranges  0x000003b8       0x38 zephyr/arch/arch/posix/core/libarch__posix__core.a(swap.c.obj)
 .debug_ranges  0x000003f0       0x20 zephyr/arch/arch/posix/core/libarch__posix__core.a(thread.c.obj)
 .debug_ranges  0x00000410       0x40 zephyr/arch/arch/posix/core/libarch__posix__core.a(posix_core_nsi.c.obj)
 .debug_ranges  0x00000450       0x40 zephyr/soc/soc/native/libsoc__native__inf_clock.a(soc.c.obj)
 .debug_ranges  0x00000490       0x10 zephyr/soc/soc/native/libsoc__native__inf_clock.a(native_tasks.c.obj)
 .debug_ranges  0x000004a0       0x30 zephyr/boards/native/native_sim/libboards__native__native_sim.a(nsi_if.c.obj)
 .debug_ranges  0x000004d0       0x70 zephyr/boards/native/native_sim/libboards__native__native_sim.a(irq_handler.c.obj)
 .debug_ranges  0x00000540       0x10 zephyr/boards/native/native_sim/libboards__native__native_sim.a(misc.c.obj)
 .debug_ranges  0x00000550       0x50 zephyr/boards/native/native_sim/libboards__native__native_sim.a(posix_arch_if.c.obj)
 .debug_ranges  0x000005a0       0x20 zephyr/drivers/console/libdrivers__console.a(posix_arch_console.c.obj)
 .debug_ranges  0x000005c0       0x48 zephyr/drivers/timer/libdrivers__timer.a(native_posix_timer.c.obj)
 .debug_ranges  0x00000608       0x78 zephyr/kernel/libkernel.a(fatal.c.obj)
 .debug_ranges  0x00000680      0x110 zephyr/kernel/libkernel.a(init.c.obj)
 .debug_ranges  0x00000790       0x40 zephyr/kernel/libkernel.a(init_static.c.obj)
 .debug_ranges  0x000007d0       0x18 zephyr/kernel/libkernel.a(idle.c.obj)
 .debug_ranges  0x000007e8      0x1f0 zephyr/kernel/libkernel.a(thread.c.obj)
 .debug_ranges  0x000009d8      0xcb8 zephyr/kernel/libkernel.a(sched.c.obj)
 .debug_ranges  0x00001690       0x98 zephyr/kernel/libkernel.a(timeslicing.c.obj)
 .debug_ranges  0x00001728      0x340 zephyr/kernel/libkernel.a(timeout.c.obj)
 .debug_ranges  0x00001a68       0x10 zephyr/kernel/libkernel.a(banner.c.obj)
 .debug_ranges  0x00001a78       0x98 zephyr/kernel/libkernel.a(device.c.obj)

.debug_addr
 *(SORT_BY_ALIGNMENT(.debug_addr))

.debug_line_str
 *(SORT_BY_ALIGNMENT(.debug_line_str))

.debug_loclists
 *(SORT_BY_ALIGNMENT(.debug_loclists))

.debug_macro
 *(SORT_BY_ALIGNMENT(.debug_macro))

.debug_names
 *(SORT_BY_ALIGNMENT(.debug_names))

.debug_rnglists
 *(SORT_BY_ALIGNMENT(.debug_rnglists))

.debug_str_offsets
 *(SORT_BY_ALIGNMENT(.debug_str_offsets))

.debug_sup
 *(SORT_BY_ALIGNMENT(.debug_sup))

.gnu.attributes
 *(SORT_BY_ALIGNMENT(.gnu.attributes))
OUTPUT(zephyr/zephyr.elf elf32-i386)
